Archive member included to satisfy reference by file (symbol)

C:/NXP/MCUXpressoIDE_11.10.0_3148/ide/plugins/com.nxp.mcuxpresso.tools.win32_11.10.0.202311280810/tools/bin/../lib/gcc/arm-none-eabi/13.2.1/../../../../arm-none-eabi/lib/thumb/v8-m.main/nofp\libcr_nohost_nf.a(_cr__main.o)
                              ./startup/startup_mcxa153.o (__main)
C:/NXP/MCUXpressoIDE_11.10.0_3148/ide/plugins/com.nxp.mcuxpresso.tools.win32_11.10.0.202311280810/tools/bin/../lib/gcc/arm-none-eabi/13.2.1/../../../../arm-none-eabi/lib/thumb/v8-m.main/nofp\libcr_c.a(memset.o)
                              ./drivers/fsl_lptmr.o (memset)
C:/NXP/MCUXpressoIDE_11.10.0_3148/ide/plugins/com.nxp.mcuxpresso.tools.win32_11.10.0.202311280810/tools/bin/../lib/gcc/arm-none-eabi/13.2.1/../../../../arm-none-eabi/lib/thumb/v8-m.main/nofp\libcr_c.a(alloc.o)
                              ./drivers/fsl_common.o (malloc)
C:/NXP/MCUXpressoIDE_11.10.0_3148/ide/plugins/com.nxp.mcuxpresso.tools.win32_11.10.0.202311280810/tools/bin/../lib/gcc/arm-none-eabi/13.2.1/../../../../arm-none-eabi/lib/thumb/v8-m.main/nofp\libcr_c.a(errno.o)
                              ./utilities/fsl_str.o (errno)
C:/NXP/MCUXpressoIDE_11.10.0_3148/ide/plugins/com.nxp.mcuxpresso.tools.win32_11.10.0.202311280810/tools/bin/../lib/gcc/arm-none-eabi/13.2.1/../../../../arm-none-eabi/lib/thumb/v8-m.main/nofp\libcr_c.a(initio.o)
                              C:/NXP/MCUXpressoIDE_11.10.0_3148/ide/plugins/com.nxp.mcuxpresso.tools.win32_11.10.0.202311280810/tools/bin/../lib/gcc/arm-none-eabi/13.2.1/../../../../arm-none-eabi/lib/thumb/v8-m.main/nofp\libcr_nohost_nf.a(_cr__main.o) (_initio)
C:/NXP/MCUXpressoIDE_11.10.0_3148/ide/plugins/com.nxp.mcuxpresso.tools.win32_11.10.0.202311280810/tools/bin/../lib/gcc/arm-none-eabi/13.2.1/../../../../arm-none-eabi/lib/thumb/v8-m.main/nofp\libcr_c.a(scanf.o)
                              ./utilities/fsl_str.o (strtoul)
C:/NXP/MCUXpressoIDE_11.10.0_3148/ide/plugins/com.nxp.mcuxpresso.tools.win32_11.10.0.202311280810/tools/bin/../lib/gcc/arm-none-eabi/13.2.1/../../../../arm-none-eabi/lib/thumb/v8-m.main/nofp\libcr_c.a(setvbuf.o)
                              C:/NXP/MCUXpressoIDE_11.10.0_3148/ide/plugins/com.nxp.mcuxpresso.tools.win32_11.10.0.202311280810/tools/bin/../lib/gcc/arm-none-eabi/13.2.1/../../../../arm-none-eabi/lib/thumb/v8-m.main/nofp\libcr_c.a(initio.o) (setvbuf)
C:/NXP/MCUXpressoIDE_11.10.0_3148/ide/plugins/com.nxp.mcuxpresso.tools.win32_11.10.0.202311280810/tools/bin/../lib/gcc/arm-none-eabi/13.2.1/../../../../arm-none-eabi/lib/thumb/v8-m.main/nofp\libcr_c.a(strlen.o)
                              ./utilities/fsl_debug_console.o (strlen)
C:/NXP/MCUXpressoIDE_11.10.0_3148/ide/plugins/com.nxp.mcuxpresso.tools.win32_11.10.0.202311280810/tools/bin/../lib/gcc/arm-none-eabi/13.2.1/../../../../arm-none-eabi/lib/thumb/v8-m.main/nofp\libcr_c.a(ungetc.o)
                              C:/NXP/MCUXpressoIDE_11.10.0_3148/ide/plugins/com.nxp.mcuxpresso.tools.win32_11.10.0.202311280810/tools/bin/../lib/gcc/arm-none-eabi/13.2.1/../../../../arm-none-eabi/lib/thumb/v8-m.main/nofp\libcr_c.a(scanf.o) (ungetc)
C:/NXP/MCUXpressoIDE_11.10.0_3148/ide/plugins/com.nxp.mcuxpresso.tools.win32_11.10.0.202311280810/tools/bin/../lib/gcc/arm-none-eabi/13.2.1/../../../../arm-none-eabi/lib/thumb/v8-m.main/nofp\libcr_c.a(__fillbuf.o)
                              C:/NXP/MCUXpressoIDE_11.10.0_3148/ide/plugins/com.nxp.mcuxpresso.tools.win32_11.10.0.202311280810/tools/bin/../lib/gcc/arm-none-eabi/13.2.1/../../../../arm-none-eabi/lib/thumb/v8-m.main/nofp\libcr_c.a(scanf.o) (__filbuf)
C:/NXP/MCUXpressoIDE_11.10.0_3148/ide/plugins/com.nxp.mcuxpresso.tools.win32_11.10.0.202311280810/tools/bin/../lib/gcc/arm-none-eabi/13.2.1/../../../../arm-none-eabi/lib/thumb/v8-m.main/nofp\libcr_c.a(__init_alloc.o)
                              C:/NXP/MCUXpressoIDE_11.10.0_3148/ide/plugins/com.nxp.mcuxpresso.tools.win32_11.10.0.202311280810/tools/bin/../lib/gcc/arm-none-eabi/13.2.1/../../../../arm-none-eabi/lib/thumb/v8-m.main/nofp\libcr_c.a(alloc.o) (__heaps)
C:/NXP/MCUXpressoIDE_11.10.0_3148/ide/plugins/com.nxp.mcuxpresso.tools.win32_11.10.0.202311280810/tools/bin/../lib/gcc/arm-none-eabi/13.2.1/../../../../arm-none-eabi/lib/thumb/v8-m.main/nofp\libcr_c.a(_cr_sbrk.o)
                              C:/NXP/MCUXpressoIDE_11.10.0_3148/ide/plugins/com.nxp.mcuxpresso.tools.win32_11.10.0.202311280810/tools/bin/../lib/gcc/arm-none-eabi/13.2.1/../../../../arm-none-eabi/lib/thumb/v8-m.main/nofp\libcr_c.a(alloc.o) (_sbrk)
C:/NXP/MCUXpressoIDE_11.10.0_3148/ide/plugins/com.nxp.mcuxpresso.tools.win32_11.10.0.202311280810/tools/bin/../lib/gcc/arm-none-eabi/13.2.1/../../../../arm-none-eabi/lib/thumb/v8-m.main/nofp\libcr_c.a(_deferredlazyseek.o)
                              C:/NXP/MCUXpressoIDE_11.10.0_3148/ide/plugins/com.nxp.mcuxpresso.tools.win32_11.10.0.202311280810/tools/bin/../lib/gcc/arm-none-eabi/13.2.1/../../../../arm-none-eabi/lib/thumb/v8-m.main/nofp\libcr_c.a(__fillbuf.o) (_deferredlazyseek)
[...]
Memory Configuration

Name             Origin             Length             Attributes
PROGRAM_FLASH    0x00000000         0x00020000         xr
SRAM             0x20000000         0x00006000         xrw
SRAMX0           0x04000000         0x00002000         xrw
SRAMX1           0x04002000         0x00001000         xrw
*default*        0x00000000         0xffffffff

Linker script and memory map

LOAD ./utilities/fsl_assert.o
LOAD ./utilities/fsl_debug_console.o
LOAD ./utilities/fsl_memcpy.o
LOAD ./utilities/fsl_str.o
LOAD ./startup/startup_mcxa153.o
LOAD ./source/low_power_implementation.o
LOAD ./source/semihost_hardfault.o
LOAD ./drivers/fsl_clock.o
LOAD ./drivers/fsl_cmc.o
LOAD ./drivers/fsl_common.o
LOAD ./drivers/fsl_common_arm.o
LOAD ./drivers/fsl_gpio.o
LOAD ./drivers/fsl_lptmr.o
LOAD ./drivers/fsl_lpuart.o
LOAD ./drivers/fsl_reset.o
LOAD ./drivers/fsl_spc.o
LOAD ./drivers/fsl_waketimer.o
LOAD ./drivers/fsl_wuu.o
LOAD ./device/system_MCXA153.o
LOAD ./component/uart/fsl_adapter_lpuart.o
LOAD ./component/lists/fsl_component_generic_list.o
LOAD ./board/board.o
LOAD ./board/clock_config.o
LOAD ./board/pin_mux.o
START GROUP
LOAD C:/NXP/MCUXpressoIDE_11.10.0_3148/ide/plugins/com.nxp.mcuxpresso.tools.win32_11.10.0.202311280810/tools/bin/../lib/gcc/arm-none-eabi/13.2.1/../../../../arm-none-eabi/lib/thumb/v8-m.main/nofp\libcr_nohost_nf.a
LOAD C:/NXP/MCUXpressoIDE_11.10.0_3148/ide/plugins/com.nxp.mcuxpresso.tools.win32_11.10.0.202311280810/tools/bin/../lib/gcc/arm-none-eabi/13.2.1/../../../../arm-none-eabi/lib/thumb/v8-m.main/nofp\libcr_c.a
LOAD C:/NXP/MCUXpressoIDE_11.10.0_3148/ide/plugins/com.nxp.mcuxpresso.tools.win32_11.10.0.202311280810/tools/bin/../lib/gcc/arm-none-eabi/13.2.1/thumb/v8-m.main/nofp\libcr_eabihelpers.a
LOAD C:/NXP/MCUXpressoIDE_11.10.0_3148/ide/plugins/com.nxp.mcuxpresso.tools.win32_11.10.0.202311280810/tools/bin/../lib/gcc/arm-none-eabi/13.2.1/thumb/v8-m.main/nofp\libgcc.a
END GROUP
                0x00000000                        __base_PROGRAM_FLASH = 0x0
                0x00000000                        __base_Flash = 0x0
                0x00020000                        __top_PROGRAM_FLASH = 0x20000
                0x00020000                        __top_Flash = 0x20000
                0x20000000                        __base_SRAM = 0x20000000
                0x20000000                        __base_RAM = 0x20000000
                0x20006000                        __top_SRAM = 0x20006000
                0x20006000                        __top_RAM = 0x20006000
                0x04000000                        __base_SRAMX0 = 0x4000000
                0x04000000                        __base_RAM2 = 0x4000000
                0x04002000                        __top_SRAMX0 = 0x4002000
                0x04002000                        __top_RAM2 = 0x4002000
                0x04002000                        __base_SRAMX1 = 0x4002000
                0x04002000                        __base_RAM3 = 0x4002000
                0x04003000                        __top_SRAMX1 = 0x4003000
                0x04003000                        __top_RAM3 = 0x4003000

.text           0x00000000     0x5254
 FILL mask 0xff
                0x00000000                        __vectors_start__ = ABSOLUTE (.)
 *(SORT_BY_ALIGNMENT(.isr_vector))
 .isr_vector    0x00000000      0x16c ./startup/startup_mcxa153.o
                0x00000000                g_pfnVectors
                0x00000000                __Vectors
                0x0000016c                        . = ALIGN (0x4)
                0x0000016c                        __section_table_start = .
                0x0000016c                        __data_section_table = .
                0x0000016c        0x4 LONG 0x5254 LOADADDR (.data)
                0x00000170        0x4 LONG 0x20000000 ADDR (.data)
                0x00000174        0x4 LONG 0x8 SIZEOF (.data)
                0x00000178        0x4 LONG 0x5254 LOADADDR (.data_RAM2)
                0x0000017c        0x4 LONG 0x4000000 ADDR (.data_RAM2)
                0x00000180        0x4 LONG 0x0 SIZEOF (.data_RAM2)
                0x00000184        0x4 LONG 0x5254 LOADADDR (.data_RAM3)
                0x00000188        0x4 LONG 0x4002000 ADDR (.data_RAM3)
                0x0000018c        0x4 LONG 0x0 SIZEOF (.data_RAM3)
                0x00000190                        __data_section_table_end = .
                0x00000190                        __bss_section_table = .
                0x00000190        0x4 LONG 0x20000008 ADDR (.bss)
                0x00000194        0x4 LONG 0xe8 SIZEOF (.bss)
                0x00000198        0x4 LONG 0x4000000 ADDR (.bss_RAM2)
                0x0000019c        0x4 LONG 0x0 SIZEOF (.bss_RAM2)
                0x000001a0        0x4 LONG 0x4002000 ADDR (.bss_RAM3)
                0x000001a4        0x4 LONG 0x0 SIZEOF (.bss_RAM3)
                0x000001a8                        __bss_section_table_end = .
                0x000001a8                        __section_table_end = .
 *(SORT_BY_ALIGNMENT(.after_vectors*))
 .after_vectors.reset
                0x000001a8       0x4c ./startup/startup_mcxa153.o
                0x000001a8                ResetISR
 .after_vectors.init_data
                0x000001f4       0x1c ./startup/startup_mcxa153.o
                0x000001f4                data_init
 .after_vectors.init_bss
                0x00000210       0x12 ./startup/startup_mcxa153.o
                0x00000210                bss_init
 .after_vectors
                0x00000222       0x16 ./startup/startup_mcxa153.o
                0x00000222                NMI_Handler
                0x00000226                MemManage_Handler
                0x00000228                BusFault_Handler
                0x0000022a                UsageFault_Handler
                0x0000022c                SecureFault_Handler
                0x0000022e                SVC_Handler
                0x00000230                DebugMon_Handler
                0x00000232                PendSV_Handler
                0x00000234                SysTick_Handler
                0x00000236                FLEXPWM0_SUBMODULE1_DriverIRQHandler
                0x00000236                LPTMR0_DriverIRQHandler
                0x00000236                MBC0_DriverIRQHandler
                0x00000236                I3C0_DriverIRQHandler
                0x00000236                LPI2C0_DriverIRQHandler
                0x00000236                FLEXPWM0_RELOAD_ERROR_DriverIRQHandler
                0x00000236                QDC0_HOME_DriverIRQHandler
                0x00000236                Reserved82_DriverIRQHandler
                0x00000236                QDC0_WATCHDOG_DriverIRQHandler
                0x00000236                ERM0_MULTI_BIT_DriverIRQHandler
                0x00000236                Reserved36_DriverIRQHandler
                0x00000236                CTIMER2_DriverIRQHandler
                0x00000236                Reserved33_DriverIRQHandler
                0x00000236                CMP1_DriverIRQHandler
                0x00000236                IntDefaultHandler
                0x00000236                USB0_DriverIRQHandler
                0x00000236                QDC0_INDEX_DriverIRQHandler
                0x00000236                UTICK0_DriverIRQHandler
                0x00000236                Reserved41_DriverIRQHandler
                0x00000236                Reserved39_DriverIRQHandler
                0x00000236                WWDT0_DriverIRQHandler
                0x00000236                Reserved84_DriverIRQHandler
                0x00000236                FLEXPWM0_FAULT_DriverIRQHandler
                0x00000236                GPIO0_DriverIRQHandler
                0x00000236                Reserved38_DriverIRQHandler
                0x00000236                FREQME0_DriverIRQHandler
                0x00000236                Reserved22_DriverIRQHandler
                0x00000236                Reserved53_DriverIRQHandler
                0x00000236                Reserved35_DriverIRQHandler
                0x00000236                CTIMER0_DriverIRQHandler
                0x00000236                Reserved79_DriverIRQHandler
                0x00000236                Reserved24_DriverIRQHandler
                0x00000236                CTIMER1_DriverIRQHandler
                0x00000236                QDC0_COMPARE_DriverIRQHandler
                0x00000236                WUU0_DriverIRQHandler
                0x00000236                LPSPI0_DriverIRQHandler
                0x00000236                DMA_CH3_DriverIRQHandler
                0x00000236                Reserved83_DriverIRQHandler
                0x00000236                Reserved72_DriverIRQHandler
                0x00000236                Reserved23_DriverIRQHandler
                0x00000236                Reserved65_DriverIRQHandler
                0x00000236                ERM0_SINGLE_BIT_DriverIRQHandler
                0x00000236                DMA_CH2_DriverIRQHandler
                0x00000236                CMC_DriverIRQHandler
                0x00000236                Reserved51_DriverIRQHandler
                0x00000236                Reserved25_DriverIRQHandler
                0x00000236                FLEXPWM0_SUBMODULE2_DriverIRQHandler
                0x00000236                FMU0_DriverIRQHandler
                0x00000236                LPSPI1_DriverIRQHandler
                0x00000236                Reserved77_DriverIRQHandler
                0x00000236                Reserved16_DriverIRQHandler
                0x00000236                GPIO2_DriverIRQHandler
                0x00000236                Reserved85_DriverIRQHandler
                0x00000236                ADC0_DriverIRQHandler
                0x00000236                CMP0_DriverIRQHandler
                0x00000236                CDOG0_DriverIRQHandler
                0x00000236                Reserved59_DriverIRQHandler
                0x00000236                DMA_CH0_DriverIRQHandler
                0x00000236                Reserved58_DriverIRQHandler
                0x00000236                DMA_CH1_DriverIRQHandler
                0x00000236                SPC0_DriverIRQHandler
                0x00000236                GLIKEY0_DriverIRQHandler
                0x00000236                Reserved43_DriverIRQHandler
                0x00000236                Reserved46_DriverIRQHandler
                0x00000236                Reserved37_DriverIRQHandler
                0x00000236                Reserved86_DriverIRQHandler
                0x00000236                GPIO1_DriverIRQHandler
                0x00000236                FLEXPWM0_SUBMODULE0_DriverIRQHandler
                0x00000236                Reserved50_DriverIRQHandler
                0x00000236                OS_EVENT_DriverIRQHandler
                0x00000236                SCG0_DriverIRQHandler
                0x00000236                GPIO3_DriverIRQHandler
 *(SORT_BY_ALIGNMENT(.text*))
 .text.__assertion_failed
                0x00000238       0x18 ./utilities/fsl_assert.o
                0x00000238                __assertion_failed
 .text.DbgConsole_Init
                0x00000250       0x88 ./utilities/fsl_debug_console.o
                0x00000250                DbgConsole_Init
 .text.DbgConsole_Deinit
                0x000002d8       0x28 ./utilities/fsl_debug_console.o
                0x000002d8                DbgConsole_Deinit
 .text.DbgConsole_Vprintf
                0x00000300       0x3c ./utilities/fsl_debug_console.o
                0x00000300                DbgConsole_Vprintf
 .text.DbgConsole_Putchar
                0x0000033c       0x30 ./utilities/fsl_debug_console.o
                0x0000033c                DbgConsole_Putchar
 .text.DbgConsole_Getchar
                0x0000036c       0x3c ./utilities/fsl_debug_console.o
                0x0000036c                DbgConsole_Getchar
 .text.DbgConsole_PrintfFormattedData
                0x000003a8      0x3e0 ./utilities/fsl_debug_console.o
 .text          0x00000788       0xa0 ./utilities/fsl_memcpy.o
                0x00000788                memcpy
 .text.__NVIC_ClearPendingIRQ
                0x00000828       0x3c ./source/low_power_implementation.o
 .text.SPC_ClearPowerDomainLowPowerRequestFlag
                0x00000864       0x3c ./source/low_power_implementation.o
 .text.APP_DeinitDebugConsole
                0x000008a0       0x24 ./source/low_power_implementation.o
                0x000008a0                APP_DeinitDebugConsole
 .text.main     0x000008c4      0x14c ./source/low_power_implementation.o
                0x000008c4                main
 .text.APP_SetSPCConfiguration
                0x00000a10       0xd4 ./source/low_power_implementation.o
 .text.APP_SetCMCConfiguration
                0x00000ae4       0x28 ./source/low_power_implementation.o
 .text.APP_GetTargetPowerMode
                0x00000b0c       0xcc ./source/low_power_implementation.o
 .text.APP_GetWakeUpMode
                0x00000bd8      0x190 ./source/low_power_implementation.o
 .text.APP_SetWakeUpMode
                0x00000d68       0x70 ./source/low_power_implementation.o
 .text.APP_SetSleepWakeUpMode
                0x00000dd8       0xb4 ./source/low_power_implementation.o
 .text.APP_SetDeepSleepWakeUpMode
                0x00000e8c      0x118 ./source/low_power_implementation.o
 .text.APP_SetPowerDownWakeUpMode
                0x00000fa4       0xbc ./source/low_power_implementation.o
 .text.APP_SetDeepPowerDownWakeUpMode
                0x00001060       0x50 ./source/low_power_implementation.o
 .text.APP_GetWakeupConfig
                0x000010b0       0x2c ./source/low_power_implementation.o
 .text.APP_SelectWakeupSource
                0x000010dc       0x50 ./source/low_power_implementation.o
 .text.APP_PowerPreSwitchHook
                0x0000112c       0x24 ./source/low_power_implementation.o
 .text.APP_PowerModeSwitch
                0x00001150       0x5c ./source/low_power_implementation.o
 .text.APP_EnterSleepMode
                0x000011ac       0x24 ./source/low_power_implementation.o
 .text.APP_EnterDeepSleepMode
                0x000011d0       0x88 ./source/low_power_implementation.o
 .text.APP_EnterPowerDownMode
                0x00001258       0x24 ./source/low_power_implementation.o
 .text.APP_EnterDeepPowerDownMode
                0x0000127c       0x24 ./source/low_power_implementation.o
 .text.CLOCK_SetClockSelect
                0x000012a0       0x94 ./drivers/fsl_clock.o
                0x000012a0                CLOCK_SetClockSelect
 .text.CLOCK_SetClockDiv
                0x00001334       0x7c ./drivers/fsl_clock.o
                0x00001334                CLOCK_SetClockDiv
 .text.CLOCK_SetupFROHFClocking
                0x000013b0       0xe8 ./drivers/fsl_clock.o
                0x000013b0                CLOCK_SetupFROHFClocking
 .text.CLOCK_SetupFRO12MClocking
                0x00001498       0x54 ./drivers/fsl_clock.o
                0x00001498                CLOCK_SetupFRO12MClocking
 .text.CLOCK_GetFreq
                0x000014ec       0xf4 ./drivers/fsl_clock.o
                0x000014ec                CLOCK_GetFreq
 .text.CLOCK_GetFro12MFreq
                0x000015e0       0x28 ./drivers/fsl_clock.o
 .text.CLOCK_GetClk1MFreq
                0x00001608       0x14 ./drivers/fsl_clock.o
 .text.CLOCK_GetFroHfFreq
                0x0000161c       0xc0 ./drivers/fsl_clock.o
 .text.CLOCK_GetClk48MFreq
                0x000016dc       0x38 ./drivers/fsl_clock.o
 .text.CLOCK_GetFRO16KFreq
                0x00001714       0x28 ./drivers/fsl_clock.o
 .text.CLOCK_GetClk16KFreq
                0x0000173c       0x44 ./drivers/fsl_clock.o
 .text.CLOCK_GetExtClkFreq
                0x00001780       0x2c ./drivers/fsl_clock.o
 .text.CLOCK_GetMainClk
                0x000017ac       0x68 ./drivers/fsl_clock.o
                0x000017ac                CLOCK_GetMainClk
 .text.CLOCK_GetCoreSysClkFreq
                0x00001814       0x20 ./drivers/fsl_clock.o
                0x00001814                CLOCK_GetCoreSysClkFreq
 .text.__NVIC_ClearPendingIRQ
                0x00001834       0x3c ./drivers/fsl_cmc.o
 .text.CMC_EnterLowPowerMode
                0x00001870       0xe4 ./drivers/fsl_cmc.o
                0x00001870                CMC_EnterLowPowerMode
 .text.GPIO_PinInit
                0x00001954       0x64 ./drivers/fsl_gpio.o
                0x00001954                GPIO_PinInit
 .text.CLOCK_EnableClock
                0x000019b8       0x8c ./drivers/fsl_lpuart.o
 .text.CLOCK_DisableClock
                0x00001a44       0x9c ./drivers/fsl_lpuart.o
 .text.LPUART_GetInstance
                0x00001ae0       0x4c ./drivers/fsl_lpuart.o
                0x00001ae0                LPUART_GetInstance
 .text.LPUART_Init
                0x00001b2c      0x320 ./drivers/fsl_lpuart.o
                0x00001b2c                LPUART_Init
 .text.LPUART_Deinit
                0x00001e4c       0x70 ./drivers/fsl_lpuart.o
                0x00001e4c                LPUART_Deinit
 .text.LPUART_GetDefaultConfig
                0x00001ebc       0x88 ./drivers/fsl_lpuart.o
                0x00001ebc                LPUART_GetDefaultConfig
 .text.LPUART_GetStatusFlags
                0x00001f44       0x38 ./drivers/fsl_lpuart.o
                0x00001f44                LPUART_GetStatusFlags
 .text.LPUART_ClearStatusFlags
                0x00001f7c       0x7c ./drivers/fsl_lpuart.o
                0x00001f7c                LPUART_ClearStatusFlags
 .text.LPUART_WriteBlocking
                0x00001ff8       0x68 ./drivers/fsl_lpuart.o
                0x00001ff8                LPUART_WriteBlocking
 .text.LPUART_ReadBlocking
                0x00002060      0x160 ./drivers/fsl_lpuart.o
                0x00002060                LPUART_ReadBlocking
 .text.LPUART0_DriverIRQHandler
                0x000021c0       0x24 ./drivers/fsl_lpuart.o
                0x000021c0                LPUART0_DriverIRQHandler
 .text.LPUART1_DriverIRQHandler
                0x000021e4       0x24 ./drivers/fsl_lpuart.o
                0x000021e4                LPUART1_DriverIRQHandler
 .text.LPUART2_DriverIRQHandler
                0x00002208       0x24 ./drivers/fsl_lpuart.o
                0x00002208                LPUART2_DriverIRQHandler
 .text.RESET_SetPeripheralReset
                0x0000222c       0xb0 ./drivers/fsl_reset.o
                0x0000222c                RESET_SetPeripheralReset
 .text.RESET_ClearPeripheralReset
                0x000022dc       0x98 ./drivers/fsl_reset.o
                0x000022dc                RESET_ClearPeripheralReset
 .text.SPC_SetSRAMOperateVoltage
                0x00002374       0x64 ./drivers/fsl_spc.o
                0x00002374                SPC_SetSRAMOperateVoltage
 .text.SPC_SetActiveModeCoreLDORegulatorConfig
                0x000023d8       0xbc ./drivers/fsl_spc.o
                0x000023d8                SPC_SetActiveModeCoreLDORegulatorConfig
 .text.SPC_SetActiveModeRegulatorsConfig
                0x00002494       0xb4 ./drivers/fsl_spc.o
                0x00002494                SPC_SetActiveModeRegulatorsConfig
 .text.SPC_SetLowPowerModeRegulatorsConfig
                0x00002548       0xcc ./drivers/fsl_spc.o
                0x00002548                SPC_SetLowPowerModeRegulatorsConfig
 .text.WAKETIMER0_DriverIRQHandler
                0x00002614       0x1c ./drivers/fsl_waketimer.o
                0x00002614                WAKETIMER0_DriverIRQHandler
 .text.WUU_SetExternalWakeUpPinsConfig
                0x00002630      0x128 ./drivers/fsl_wuu.o
                0x00002630                WUU_SetExternalWakeUpPinsConfig
 .text.SystemInit
                0x00002758       0xa0 ./device/system_MCXA153.o
                0x00002758                SystemInit
 .text.HAL_UartInitCommon
                0x000027f8       0xe0 ./component/uart/fsl_adapter_lpuart.o
 .text.HAL_UartInit
                0x000028d8       0x84 ./component/uart/fsl_adapter_lpuart.o
                0x000028d8                HAL_UartInit
 .text.HAL_UartDeinit
                0x0000295c       0x3c ./component/uart/fsl_adapter_lpuart.o
                0x0000295c                HAL_UartDeinit
 .text.HAL_UartReceiveBlocking
                0x00002998       0x6c ./component/uart/fsl_adapter_lpuart.o
                0x00002998                HAL_UartReceiveBlocking
 .text.HAL_UartSendBlocking
                0x00002a04       0x64 ./component/uart/fsl_adapter_lpuart.o
                0x00002a04                HAL_UartSendBlocking
 .text.BOARD_InitDebugConsole
                0x00002a68       0x30 ./board/board.o
                0x00002a68                BOARD_InitDebugConsole
 .text.BOARD_BootClockFRO12M
                0x00002a98      0x11c ./board/clock_config.o
                0x00002a98                BOARD_BootClockFRO12M
 .text.BOARD_BootClockFRO48M
                0x00002bb4      0x134 ./board/clock_config.o
                0x00002bb4                BOARD_BootClockFRO48M
 .text.BOARD_BootClockFRO96M
                0x00002ce8      0x134 ./board/clock_config.o
                0x00002ce8                BOARD_BootClockFRO96M
 .text.CLOCK_EnableClock
                0x00002e1c       0x8c ./board/pin_mux.o
 .text.PORT_SetPinConfig
                0x00002ea8       0x38 ./board/pin_mux.o
 .text.BOARD_InitPins
                0x00002ee0       0x78 ./board/pin_mux.o
                0x00002ee0                BOARD_InitPins
 .text._initio  0x00002f58       0x78 C:/NXP/MCUXpressoIDE_11.10.0_3148/ide/plugins/com.nxp.mcuxpresso.tools.win32_11.10.0.202311280810/tools/bin/../lib/gcc/arm-none-eabi/13.2.1/../../../../arm-none-eabi/lib/thumb/v8-m.main/nofp\libcr_c.a(initio.o)
                0x00002f58                _initio
 .text._Cwritebuf
                0x00002fd0       0x6c C:/NXP/MCUXpressoIDE_11.10.0_3148/ide/plugins/com.nxp.mcuxpresso.tools.win32_11.10.0.202311280810/tools/bin/../lib/gcc/arm-none-eabi/13.2.1/../../../../arm-none-eabi/lib/thumb/v8-m.main/nofp\libcr_c.a(_writebuf.o)
                0x00002fd0                _Cwritebuf
 .text.fflush   0x0000303c       0x3c C:/NXP/MCUXpressoIDE_11.10.0_3148/ide/plugins/com.nxp.mcuxpresso.tools.win32_11.10.0.202311280810/tools/bin/../lib/gcc/arm-none-eabi/13.2.1/../../../../arm-none-eabi/lib/thumb/v8-m.main/nofp\libcr_c.a(fflush.o)
                0x0000303c                fflush
 .text.fseek    0x00003078       0xf8 C:/NXP/MCUXpressoIDE_11.10.0_3148/ide/plugins/com.nxp.mcuxpresso.tools.win32_11.10.0.202311280810/tools/bin/../lib/gcc/arm-none-eabi/13.2.1/../../../../arm-none-eabi/lib/thumb/v8-m.main/nofp\libcr_c.a(fseek.o)
                0x00003078                fseek
 .text.ftell    0x00003170       0x44 C:/NXP/MCUXpressoIDE_11.10.0_3148/ide/plugins/com.nxp.mcuxpresso.tools.win32_11.10.0.202311280810/tools/bin/../lib/gcc/arm-none-eabi/13.2.1/../../../../arm-none-eabi/lib/thumb/v8-m.main/nofp\libcr_c.a(ftell.o)
                0x00003170                ftell
 .text.DbgConsole_Printf
                0x000031b4       0x2c ./utilities/fsl_debug_console.o
                0x000031b4                DbgConsole_Printf
 .text.DbgConsole_PrintfPaddingCharacter
                0x000031e0       0x40 ./utilities/fsl_debug_console.o
 .text.DbgConsole_ConvertRadixNumToString
                0x00003220       0xc0 ./utilities/fsl_debug_console.o
 .text.Reserved16_IRQHandler
                0x000032e0        0x8 ./startup/startup_mcxa153.o
                0x000032e0                Reserved16_IRQHandler
 .text.CMC_IRQHandler
                0x000032e8        0x8 ./startup/startup_mcxa153.o
                0x000032e8                CMC_IRQHandler
 .text.DMA_CH0_IRQHandler
                0x000032f0        0x8 ./startup/startup_mcxa153.o
                0x000032f0                DMA_CH0_IRQHandler
 .text.DMA_CH1_IRQHandler
                0x000032f8        0x8 ./startup/startup_mcxa153.o
                0x000032f8                DMA_CH1_IRQHandler
 .text.DMA_CH2_IRQHandler
                0x00003300        0x8 ./startup/startup_mcxa153.o
                0x00003300                DMA_CH2_IRQHandler
 .text.DMA_CH3_IRQHandler
                0x00003308        0x8 ./startup/startup_mcxa153.o
                0x00003308                DMA_CH3_IRQHandler
 .text.Reserved22_IRQHandler
                0x00003310        0x8 ./startup/startup_mcxa153.o
                0x00003310                Reserved22_IRQHandler
 .text.Reserved23_IRQHandler
                0x00003318        0x8 ./startup/startup_mcxa153.o
                0x00003318                Reserved23_IRQHandler
 .text.Reserved24_IRQHandler
                0x00003320        0x8 ./startup/startup_mcxa153.o
                0x00003320                Reserved24_IRQHandler
 .text.Reserved25_IRQHandler
                0x00003328        0x8 ./startup/startup_mcxa153.o
                0x00003328                Reserved25_IRQHandler
 .text.ERM0_SINGLE_BIT_IRQHandler
                0x00003330        0x8 ./startup/startup_mcxa153.o
                0x00003330                ERM0_SINGLE_BIT_IRQHandler
 .text.ERM0_MULTI_BIT_IRQHandler
                0x00003338        0x8 ./startup/startup_mcxa153.o
                0x00003338                ERM0_MULTI_BIT_IRQHandler
 .text.FMU0_IRQHandler
                0x00003340        0x8 ./startup/startup_mcxa153.o
                0x00003340                FMU0_IRQHandler
 .text.GLIKEY0_IRQHandler
                0x00003348        0x8 ./startup/startup_mcxa153.o
                0x00003348                GLIKEY0_IRQHandler
 .text.MBC0_IRQHandler
                0x00003350        0x8 ./startup/startup_mcxa153.o
                0x00003350                MBC0_IRQHandler
 .text.SCG0_IRQHandler
                0x00003358        0x8 ./startup/startup_mcxa153.o
                0x00003358                SCG0_IRQHandler
 .text.SPC0_IRQHandler
                0x00003360        0x8 ./startup/startup_mcxa153.o
                0x00003360                SPC0_IRQHandler
 .text.Reserved33_IRQHandler
                0x00003368        0x8 ./startup/startup_mcxa153.o
                0x00003368                Reserved33_IRQHandler
 .text.WUU0_IRQHandler
                0x00003370        0x8 ./startup/startup_mcxa153.o
                0x00003370                WUU0_IRQHandler
 .text.Reserved35_IRQHandler
                0x00003378        0x8 ./startup/startup_mcxa153.o
                0x00003378                Reserved35_IRQHandler
 .text.Reserved36_IRQHandler
                0x00003380        0x8 ./startup/startup_mcxa153.o
                0x00003380                Reserved36_IRQHandler
 .text.Reserved37_IRQHandler
                0x00003388        0x8 ./startup/startup_mcxa153.o
                0x00003388                Reserved37_IRQHandler
 .text.Reserved38_IRQHandler
                0x00003390        0x8 ./startup/startup_mcxa153.o
                0x00003390                Reserved38_IRQHandler
 .text.Reserved39_IRQHandler
                0x00003398        0x8 ./startup/startup_mcxa153.o
                0x00003398                Reserved39_IRQHandler
 .text.I3C0_IRQHandler
                0x000033a0        0x8 ./startup/startup_mcxa153.o
                0x000033a0                I3C0_IRQHandler
 .text.Reserved41_IRQHandler
                0x000033a8        0x8 ./startup/startup_mcxa153.o
                0x000033a8                Reserved41_IRQHandler
 .text.LPI2C0_IRQHandler
                0x000033b0        0x8 ./startup/startup_mcxa153.o
                0x000033b0                LPI2C0_IRQHandler
 .text.Reserved43_IRQHandler
                0x000033b8        0x8 ./startup/startup_mcxa153.o
                0x000033b8                Reserved43_IRQHandler
 .text.LPSPI0_IRQHandler
                0x000033c0        0x8 ./startup/startup_mcxa153.o
                0x000033c0                LPSPI0_IRQHandler
 .text.LPSPI1_IRQHandler
                0x000033c8        0x8 ./startup/startup_mcxa153.o
                0x000033c8                LPSPI1_IRQHandler
 .text.Reserved46_IRQHandler
                0x000033d0        0x8 ./startup/startup_mcxa153.o
                0x000033d0                Reserved46_IRQHandler
 .text.LPUART0_IRQHandler
                0x000033d8        0x8 ./startup/startup_mcxa153.o
                0x000033d8                LPUART0_IRQHandler
 .text.LPUART1_IRQHandler
                0x000033e0        0x8 ./startup/startup_mcxa153.o
                0x000033e0                LPUART1_IRQHandler
 .text.LPUART2_IRQHandler
                0x000033e8        0x8 ./startup/startup_mcxa153.o
                0x000033e8                LPUART2_IRQHandler
 .text.Reserved50_IRQHandler
                0x000033f0        0x8 ./startup/startup_mcxa153.o
                0x000033f0                Reserved50_IRQHandler
 .text.Reserved51_IRQHandler
                0x000033f8        0x8 ./startup/startup_mcxa153.o
                0x000033f8                Reserved51_IRQHandler
 .text.USB0_IRQHandler
                0x00003400        0x8 ./startup/startup_mcxa153.o
                0x00003400                USB0_IRQHandler
 .text.Reserved53_IRQHandler
                0x00003408        0x8 ./startup/startup_mcxa153.o
                0x00003408                Reserved53_IRQHandler
 .text.CDOG0_IRQHandler
                0x00003410        0x8 ./startup/startup_mcxa153.o
                0x00003410                CDOG0_IRQHandler
 .text.CTIMER0_IRQHandler
                0x00003418        0x8 ./startup/startup_mcxa153.o
                0x00003418                CTIMER0_IRQHandler
 .text.CTIMER1_IRQHandler
                0x00003420        0x8 ./startup/startup_mcxa153.o
                0x00003420                CTIMER1_IRQHandler
 .text.CTIMER2_IRQHandler
                0x00003428        0x8 ./startup/startup_mcxa153.o
                0x00003428                CTIMER2_IRQHandler
 .text.Reserved58_IRQHandler
                0x00003430        0x8 ./startup/startup_mcxa153.o
                0x00003430                Reserved58_IRQHandler
 .text.Reserved59_IRQHandler
                0x00003438        0x8 ./startup/startup_mcxa153.o
                0x00003438                Reserved59_IRQHandler
 .text.FLEXPWM0_RELOAD_ERROR_IRQHandler
                0x00003440        0x8 ./startup/startup_mcxa153.o
                0x00003440                FLEXPWM0_RELOAD_ERROR_IRQHandler
 .text.FLEXPWM0_FAULT_IRQHandler
                0x00003448        0x8 ./startup/startup_mcxa153.o
                0x00003448                FLEXPWM0_FAULT_IRQHandler
 .text.FLEXPWM0_SUBMODULE0_IRQHandler
                0x00003450        0x8 ./startup/startup_mcxa153.o
                0x00003450                FLEXPWM0_SUBMODULE0_IRQHandler
 .text.FLEXPWM0_SUBMODULE1_IRQHandler
                0x00003458        0x8 ./startup/startup_mcxa153.o
                0x00003458                FLEXPWM0_SUBMODULE1_IRQHandler
 .text.FLEXPWM0_SUBMODULE2_IRQHandler
                0x00003460        0x8 ./startup/startup_mcxa153.o
                0x00003460                FLEXPWM0_SUBMODULE2_IRQHandler
 .text.Reserved65_IRQHandler
                0x00003468        0x8 ./startup/startup_mcxa153.o
                0x00003468                Reserved65_IRQHandler
 .text.QDC0_COMPARE_IRQHandler
                0x00003470        0x8 ./startup/startup_mcxa153.o
                0x00003470                QDC0_COMPARE_IRQHandler
 .text.QDC0_HOME_IRQHandler
                0x00003478        0x8 ./startup/startup_mcxa153.o
                0x00003478                QDC0_HOME_IRQHandler
 .text.QDC0_WATCHDOG_IRQHandler
                0x00003480        0x8 ./startup/startup_mcxa153.o
                0x00003480                QDC0_WATCHDOG_IRQHandler
 .text.QDC0_INDEX_IRQHandler
                0x00003488        0x8 ./startup/startup_mcxa153.o
                0x00003488                QDC0_INDEX_IRQHandler
 .text.FREQME0_IRQHandler
                0x00003490        0x8 ./startup/startup_mcxa153.o
                0x00003490                FREQME0_IRQHandler
 .text.LPTMR0_IRQHandler
                0x00003498        0x8 ./startup/startup_mcxa153.o
                0x00003498                LPTMR0_IRQHandler
 .text.Reserved72_IRQHandler
                0x000034a0        0x8 ./startup/startup_mcxa153.o
                0x000034a0                Reserved72_IRQHandler
 .text.OS_EVENT_IRQHandler
                0x000034a8        0x8 ./startup/startup_mcxa153.o
                0x000034a8                OS_EVENT_IRQHandler
 .text.WAKETIMER0_IRQHandler
                0x000034b0        0x8 ./startup/startup_mcxa153.o
                0x000034b0                WAKETIMER0_IRQHandler
 .text.UTICK0_IRQHandler
                0x000034b8        0x8 ./startup/startup_mcxa153.o
                0x000034b8                UTICK0_IRQHandler
 .text.WWDT0_IRQHandler
                0x000034c0        0x8 ./startup/startup_mcxa153.o
                0x000034c0                WWDT0_IRQHandler
 .text.Reserved77_IRQHandler
                0x000034c8        0x8 ./startup/startup_mcxa153.o
                0x000034c8                Reserved77_IRQHandler
 .text.ADC0_IRQHandler
                0x000034d0        0x8 ./startup/startup_mcxa153.o
                0x000034d0                ADC0_IRQHandler
 .text.Reserved79_IRQHandler
                0x000034d8        0x8 ./startup/startup_mcxa153.o
                0x000034d8                Reserved79_IRQHandler
 .text.CMP0_IRQHandler
                0x000034e0        0x8 ./startup/startup_mcxa153.o
                0x000034e0                CMP0_IRQHandler
 .text.CMP1_IRQHandler
                0x000034e8        0x8 ./startup/startup_mcxa153.o
                0x000034e8                CMP1_IRQHandler
 .text.Reserved82_IRQHandler
                0x000034f0        0x8 ./startup/startup_mcxa153.o
                0x000034f0                Reserved82_IRQHandler
 .text.Reserved83_IRQHandler
                0x000034f8        0x8 ./startup/startup_mcxa153.o
                0x000034f8                Reserved83_IRQHandler
 .text.Reserved84_IRQHandler
                0x00003500        0x8 ./startup/startup_mcxa153.o
                0x00003500                Reserved84_IRQHandler
 .text.Reserved85_IRQHandler
                0x00003508        0x8 ./startup/startup_mcxa153.o
                0x00003508                Reserved85_IRQHandler
 .text.Reserved86_IRQHandler
                0x00003510        0x8 ./startup/startup_mcxa153.o
                0x00003510                Reserved86_IRQHandler
 .text.GPIO0_IRQHandler
                0x00003518        0x8 ./startup/startup_mcxa153.o
                0x00003518                GPIO0_IRQHandler
 .text.GPIO1_IRQHandler
                0x00003520        0x8 ./startup/startup_mcxa153.o
                0x00003520                GPIO1_IRQHandler
 .text.GPIO2_IRQHandler
                0x00003528        0x8 ./startup/startup_mcxa153.o
                0x00003528                GPIO2_IRQHandler
 .text.GPIO3_IRQHandler
                0x00003530        0x8 ./startup/startup_mcxa153.o
                0x00003530                GPIO3_IRQHandler
 .text.CMC_GetSystemResetStatus
                0x00003538       0x18 ./source/low_power_implementation.o
 .text.CMC_EnableDebugOperation
                0x00003550       0x3e ./source/low_power_implementation.o
 .text.SPC_ClearPeriphIOIsolationFlag
                0x0000358e       0x1e ./source/low_power_implementation.o
 .text.SPC_GetBusyStatusFlag
                0x000035ac       0x24 ./source/low_power_implementation.o
 .text.SPC_ClearLowPowerRequest
                0x000035d0       0x1e ./source/low_power_implementation.o
 .text.SPC_EnableSRAMLdo
                0x000035ee       0x36 ./source/low_power_implementation.o
 .text.SPC_DisableActiveModeVddCoreGlitchDetect
                0x00003624       0x3e ./source/low_power_implementation.o
 .text.SPC_DisableActiveModeAnalogModules
                0x00003662       0x26 ./source/low_power_implementation.o
 .text.SPC_SetLowPowerWakeUpDelay
                0x00003688       0x1e ./source/low_power_implementation.o
 .text.SPC_DisableLowPowerModeVddCoreGlitchDetect
                0x000036a6       0x3e ./source/low_power_implementation.o
 .text.SPC_DisableLowPowerModeAnalogModules
                0x000036e4       0x26 ./source/low_power_implementation.o
 .text.GPIO_PortClear
                0x0000370a       0x1a ./source/low_power_implementation.o
 .text.PORT_SetPinMux
                0x00003724       0x3c ./source/low_power_implementation.o
 .text.APP_InitDebugConsole
                0x00003760       0x1c ./source/low_power_implementation.o
                0x00003760                APP_InitDebugConsole
 .text.APP_PowerPostSwitchHook
                0x0000377c       0x18 ./source/low_power_implementation.o
 .text.HardFault_Handler
                0x00003794       0x36 ./source/semihost_hardfault.o
                0x00003794                HardFault_Handler
 .text.CLOCK_AttachClk
                0x000037ca       0x30 ./drivers/fsl_clock.o
                0x000037ca                CLOCK_AttachClk
 .text.CMC_SetMAINPowerMode
                0x000037fa       0x20 ./drivers/fsl_cmc.o
 .text.CMC_SetClockMode
                0x0000381a       0x36 ./drivers/fsl_cmc.o
                0x0000381a                CMC_SetClockMode
 .text.CMC_SetPowerModeProtection
                0x00003850       0x30 ./drivers/fsl_cmc.o
                0x00003850                CMC_SetPowerModeProtection
 .text.CMC_ConfigFlashMode
                0x00003880       0x5e ./drivers/fsl_cmc.o
                0x00003880                CMC_ConfigFlashMode
 .text.GPIO_PinWrite
                0x000038de       0x34 ./drivers/fsl_gpio.o
 .text.LPUART_SoftwareReset
                0x00003912       0x2a ./drivers/fsl_lpuart.o
 .text.RESET_PeripheralReset
                0x0000393c       0x1c ./drivers/fsl_reset.o
                0x0000393c                RESET_PeripheralReset
 .text.SPC_GetActiveModeBandgapMode
                0x00003958       0x20 ./drivers/fsl_spc.o
 .text.SPC_GetActiveModeVoltageDetectStatus
                0x00003978       0x20 ./drivers/fsl_spc.o
 .text.SPC_GetLowPowerModeBandgapMode
                0x00003998       0x20 ./drivers/fsl_spc.o
 .text.SPC_GetLowPowerModeVoltageDetectStatus
                0x000039b8       0x20 ./drivers/fsl_spc.o
 .text.SPC_EnableLowPowerModeLowPowerIREF
                0x000039d8       0x3e ./drivers/fsl_spc.o
 .text.SPC_GetActiveModeCoreLDOVDDVoltageLevel
                0x00003a16       0x20 ./drivers/fsl_spc.o
 .text.SPC_GetActiveModeCoreLDODriveStrength
                0x00003a36       0x20 ./drivers/fsl_spc.o
 .text.SPC_GetLowPowerCoreLDOVDDDriveStrength
                0x00003a56       0x20 ./drivers/fsl_spc.o
 .text.SPC_SetActiveModeBandgapModeConfig
                0x00003a76       0x7e ./drivers/fsl_spc.o
                0x00003a76                SPC_SetActiveModeBandgapModeConfig
 .text.SPC_SetLowPowerModeBandgapmodeConfig
                0x00003af4       0x7e ./drivers/fsl_spc.o
                0x00003af4                SPC_SetLowPowerModeBandgapmodeConfig
 .text.SPC_EnableActiveModeCoreLowVoltageDetect
                0x00003b72       0x44 ./drivers/fsl_spc.o
                0x00003b72                SPC_EnableActiveModeCoreLowVoltageDetect
 .text.SPC_EnableActiveModeSystemHighVoltageDetect
                0x00003bb6       0x44 ./drivers/fsl_spc.o
                0x00003bb6                SPC_EnableActiveModeSystemHighVoltageDetect
 .text.SPC_EnableActiveModeSystemLowVoltageDetect
                0x00003bfa       0x44 ./drivers/fsl_spc.o
                0x00003bfa                SPC_EnableActiveModeSystemLowVoltageDetect
 .text.SPC_SetExternalVoltageDomainsConfig
                0x00003c3e       0x34 ./drivers/fsl_spc.o
                0x00003c3e                SPC_SetExternalVoltageDomainsConfig
 .text.SPC_SetActiveModeCoreLDORegulatorVoltageLevel
                0x00003c72       0x32 ./drivers/fsl_spc.o
                0x00003c72                SPC_SetActiveModeCoreLDORegulatorVoltageLevel
 .text.SPC_SetActiveModeCoreLDORegulatorDriveStrength
                0x00003ca4       0x5e ./drivers/fsl_spc.o
                0x00003ca4                SPC_SetActiveModeCoreLDORegulatorDriveStrength
 .text.SPC_SetLowPowerModeCoreLDORegulatorConfig
                0x00003d02       0x88 ./drivers/fsl_spc.o
                0x00003d02                SPC_SetLowPowerModeCoreLDORegulatorConfig
 .text.SPC_SetLowPowerModeCoreLDORegulatorVoltageLevel
                0x00003d8a       0x52 ./drivers/fsl_spc.o
                0x00003d8a                SPC_SetLowPowerModeCoreLDORegulatorVoltageLevel
 .text.SPC_SetLowPowerModeCoreLDORegulatorDriveStrength
                0x00003ddc       0x58 ./drivers/fsl_spc.o
                0x00003ddc                SPC_SetLowPowerModeCoreLDORegulatorDriveStrength
 .text.WAKETIMER_ClearStatusFlags
                0x00003e34       0x2a ./drivers/fsl_waketimer.o
                0x00003e34                WAKETIMER_ClearStatusFlags
 .text.WAKETIMER_GenericIRQHandler
                0x00003e5e       0x24 ./drivers/fsl_waketimer.o
 .text.SystemInitHook
                0x00003e82        0xc ./device/system_MCXA153.o
                0x00003e82                SystemInitHook
 .text.HAL_UartGetStatus
                0x00003e8e       0x26 ./component/uart/fsl_adapter_lpuart.o
 .text.BOARD_InitBootClocks
                0x00003eb4       0x14 ./board/clock_config.o
                0x00003eb4                BOARD_InitBootClocks
 .text.__main   0x00003ec8        0xe C:/NXP/MCUXpressoIDE_11.10.0_3148/ide/plugins/com.nxp.mcuxpresso.tools.win32_11.10.0.202311280810/tools/bin/../lib/gcc/arm-none-eabi/13.2.1/../../../../arm-none-eabi/lib/thumb/v8-m.main/nofp\libcr_nohost_nf.a(_cr__main.o)
                0x00003ec8                __main
 .text.memset   0x00003ed6        0x4 C:/NXP/MCUXpressoIDE_11.10.0_3148/ide/plugins/com.nxp.mcuxpresso.tools.win32_11.10.0.202311280810/tools/bin/../lib/gcc/arm-none-eabi/13.2.1/../../../../arm-none-eabi/lib/thumb/v8-m.main/nofp\libcr_c.a(memset.o)
                0x00003ed6                memset
 .text.free     0x00003eda       0x30 C:/NXP/MCUXpressoIDE_11.10.0_3148/ide/plugins/com.nxp.mcuxpresso.tools.win32_11.10.0.202311280810/tools/bin/../lib/gcc/arm-none-eabi/13.2.1/../../../../arm-none-eabi/lib/thumb/v8-m.main/nofp\libcr_c.a(alloc.o)
                0x00003eda                free
 .text.setvbuf  0x00003f0a       0x3e C:/NXP/MCUXpressoIDE_11.10.0_3148/ide/plugins/com.nxp.mcuxpresso.tools.win32_11.10.0.202311280810/tools/bin/../lib/gcc/arm-none-eabi/13.2.1/../../../../arm-none-eabi/lib/thumb/v8-m.main/nofp\libcr_c.a(setvbuf.o)
                0x00003f0a                setvbuf
 .text.strlen   0x00003f48       0x4e C:/NXP/MCUXpressoIDE_11.10.0_3148/ide/plugins/com.nxp.mcuxpresso.tools.win32_11.10.0.202311280810/tools/bin/../lib/gcc/arm-none-eabi/13.2.1/../../../../arm-none-eabi/lib/thumb/v8-m.main/nofp\libcr_c.a(strlen.o)
                0x00003f48                strlen
 .text._deferredlazyseek
                0x00003f96       0x40 C:/NXP/MCUXpressoIDE_11.10.0_3148/ide/plugins/com.nxp.mcuxpresso.tools.win32_11.10.0.202311280810/tools/bin/../lib/gcc/arm-none-eabi/13.2.1/../../../../arm-none-eabi/lib/thumb/v8-m.main/nofp\libcr_c.a(_deferredlazyseek.o)
                0x00003f96                _deferredlazyseek
 .text._fdopen  0x00003fd6       0x68 C:/NXP/MCUXpressoIDE_11.10.0_3148/ide/plugins/com.nxp.mcuxpresso.tools.win32_11.10.0.202311280810/tools/bin/../lib/gcc/arm-none-eabi/13.2.1/../../../../arm-none-eabi/lib/thumb/v8-m.main/nofp\libcr_c.a(_fdopen.o)
                0x00003fd6                _fdopen
 .text._fflush  0x0000403e       0x52 C:/NXP/MCUXpressoIDE_11.10.0_3148/ide/plugins/com.nxp.mcuxpresso.tools.win32_11.10.0.202311280810/tools/bin/../lib/gcc/arm-none-eabi/13.2.1/../../../../arm-none-eabi/lib/thumb/v8-m.main/nofp\libcr_c.a(_fflush.o)
                0x0000403e                _fflush
 .text.fclose   0x00004090       0x58 C:/NXP/MCUXpressoIDE_11.10.0_3148/ide/plugins/com.nxp.mcuxpresso.tools.win32_11.10.0.202311280810/tools/bin/../lib/gcc/arm-none-eabi/13.2.1/../../../../arm-none-eabi/lib/thumb/v8-m.main/nofp\libcr_c.a(fclose.o)
                0x00004090                fclose
 .text.remove   0x000040e8       0x14 C:/NXP/MCUXpressoIDE_11.10.0_3148/ide/plugins/com.nxp.mcuxpresso.tools.win32_11.10.0.202311280810/tools/bin/../lib/gcc/arm-none-eabi/13.2.1/../../../../arm-none-eabi/lib/thumb/v8-m.main/nofp\libcr_c.a(remove.o)
                0x000040e8                remove
 .text._do_fflush
                0x000040fc       0x40 C:/NXP/MCUXpressoIDE_11.10.0_3148/ide/plugins/com.nxp.mcuxpresso.tools.win32_11.10.0.202311280810/tools/bin/../lib/gcc/arm-none-eabi/13.2.1/../../../../arm-none-eabi/lib/thumb/v8-m.main/nofp\libcr_c.a(_do_fflush.o)
                0x000040fc                _do_fflush
 .text.__aeabi_memset_lowlevel
                0x0000413c       0x32 C:/NXP/MCUXpressoIDE_11.10.0_3148/ide/plugins/com.nxp.mcuxpresso.tools.win32_11.10.0.202311280810/tools/bin/../lib/gcc/arm-none-eabi/13.2.1/thumb/v8-m.main/nofp\libcr_eabihelpers.a(memcpy.o)
                0x0000413c                __aeabi_lowlevel_memset
 .text.__sys_close
                0x0000416e        0x6 C:/NXP/MCUXpressoIDE_11.10.0_3148/ide/plugins/com.nxp.mcuxpresso.tools.win32_11.10.0.202311280810/tools/bin/../lib/gcc/arm-none-eabi/13.2.1/../../../../arm-none-eabi/lib/thumb/v8-m.main/nofp\libcr_nohost_nf.a(__sys_close.o)
                0x0000416e                __sys_close
 .text.__sys_flen
                0x00004174        0x6 C:/NXP/MCUXpressoIDE_11.10.0_3148/ide/plugins/com.nxp.mcuxpresso.tools.win32_11.10.0.202311280810/tools/bin/../lib/gcc/arm-none-eabi/13.2.1/../../../../arm-none-eabi/lib/thumb/v8-m.main/nofp\libcr_nohost_nf.a(__sys_flen.o)
                0x00004174                __sys_flen
 .text.__sys_istty
                0x0000417a        0x6 C:/NXP/MCUXpressoIDE_11.10.0_3148/ide/plugins/com.nxp.mcuxpresso.tools.win32_11.10.0.202311280810/tools/bin/../lib/gcc/arm-none-eabi/13.2.1/../../../../arm-none-eabi/lib/thumb/v8-m.main/nofp\libcr_nohost_nf.a(__sys_istty.o)
                0x0000417a                __sys_istty
 .text.__sys_remove
                0x00004180        0x6 C:/NXP/MCUXpressoIDE_11.10.0_3148/ide/plugins/com.nxp.mcuxpresso.tools.win32_11.10.0.202311280810/tools/bin/../lib/gcc/arm-none-eabi/13.2.1/../../../../arm-none-eabi/lib/thumb/v8-m.main/nofp\libcr_nohost_nf.a(__sys_remove.o)
                0x00004180                __sys_remove
 .text.__sys_seek
                0x00004186        0x6 C:/NXP/MCUXpressoIDE_11.10.0_3148/ide/plugins/com.nxp.mcuxpresso.tools.win32_11.10.0.202311280810/tools/bin/../lib/gcc/arm-none-eabi/13.2.1/../../../../arm-none-eabi/lib/thumb/v8-m.main/nofp\libcr_nohost_nf.a(__sys_seek.o)
                0x00004186                __sys_seek
 .text.__sys_tmpnam
                0x0000418c        0x6 C:/NXP/MCUXpressoIDE_11.10.0_3148/ide/plugins/com.nxp.mcuxpresso.tools.win32_11.10.0.202311280810/tools/bin/../lib/gcc/arm-none-eabi/13.2.1/../../../../arm-none-eabi/lib/thumb/v8-m.main/nofp\libcr_nohost_nf.a(__sys_tmpnam.o)
                0x0000418c                __sys_tmpnam
 .text.__sys_write
                0x00004192        0x4 C:/NXP/MCUXpressoIDE_11.10.0_3148/ide/plugins/com.nxp.mcuxpresso.tools.win32_11.10.0.202311280810/tools/bin/../lib/gcc/arm-none-eabi/13.2.1/../../../../arm-none-eabi/lib/thumb/v8-m.main/nofp\libcr_nohost_nf.a(__sys_write.o)
                0x00004192                __sys_write
 *(SORT_BY_ALIGNMENT(.rodata) SORT_BY_ALIGNMENT(.rodata.*) SORT_BY_ALIGNMENT(.constdata) SORT_BY_ALIGNMENT(.constdata.*))
 *fill*         0x00004196        0x2 ff
 .rodata.__assertion_failed.str1.4
                0x00004198     0x1036 ./utilities/fsl_assert.o
                                 0x14 (size before relaxing)
 .rodata.SPC_ClearPowerDomainLowPowerRequestFlag.str1.4
                0x000051ce       0x87 ./source/low_power_implementation.o
 .rodata.str1.4
                0x000051ce      0x5a7 ./source/low_power_implementation.o
 *fill*         0x000051ce        0x2 ff
 .rodata.g_modeNameArray
                0x000051d0       0x14 ./source/low_power_implementation.o
                0x000051d0                g_modeNameArray
 .rodata.g_modeDescArray
                0x000051e4       0x14 ./source/low_power_implementation.o
                0x000051e4                g_modeDescArray
 .rodata.g_modeWakeArray
                0x000051f8        0xc ./source/low_power_implementation.o
                0x000051f8                g_modeWakeArray
 .rodata.g_SleepWakeArray
                0x00005204        0xc ./source/low_power_implementation.o
                0x00005204                g_SleepWakeArray
 .rodata.g_DeepSleepWakeArray
                0x00005210        0xc ./source/low_power_implementation.o
                0x00005210                g_DeepSleepWakeArray
 .rodata.g_PowerDownWakeArray
                0x0000521c        0xc ./source/low_power_implementation.o
                0x0000521c                g_PowerDownWakeArray
 .rodata.main.str1.4
                0x00005228       0xbb ./source/low_power_implementation.o
 .rodata.APP_SetSPCConfiguration.str1.4
                0x00005228       0x52 ./source/low_power_implementation.o
 .rodata.APP_GetTargetPowerMode.str1.4
                0x00005228       0xa2 ./source/low_power_implementation.o
 .rodata.APP_GetWakeUpMode.str1.4
                0x00005228       0x9b ./source/low_power_implementation.o
 .rodata.APP_SetWakeUpMode.str1.4
                0x00005228       0x27 ./source/low_power_implementation.o
 .rodata.APP_SetSleepWakeUpMode.str1.4
                0x00005228       0x27 ./source/low_power_implementation.o
 .rodata.APP_SetDeepSleepWakeUpMode.str1.4
                0x00005228       0x27 ./source/low_power_implementation.o
 .rodata.APP_SetPowerDownWakeUpMode.str1.4
                0x00005228       0x27 ./source/low_power_implementation.o
 .rodata.APP_SetDeepPowerDownWakeUpMode.str1.4
                0x00005228       0x27 ./source/low_power_implementation.o
 .rodata.APP_SelectWakeupSource.str1.4
                0x00005228       0xdd ./source/low_power_implementation.o
 .rodata.APP_PowerModeSwitch.str1.4
                0x00005228       0x27 ./source/low_power_implementation.o
 .rodata.CLOCK_SetClockSelect.str1.4
                0x00005228       0x2b ./drivers/fsl_clock.o
 .rodata.CLOCK_SetClockDiv.str1.4
                0x00005228       0x2c ./drivers/fsl_clock.o
 .rodata.CMC_EnterLowPowerMode.str1.4
                0x00005228       0x1f ./drivers/fsl_cmc.o
 .rodata.GPIO_PinInit.str1.4
                0x00005228       0x20 ./drivers/fsl_gpio.o
 .rodata.s_lpuartBases
                0x00005228        0xc ./drivers/fsl_lpuart.o
 .rodata.s_lpuartClock
                0x00005234        0xc ./drivers/fsl_lpuart.o
 .rodata.LPUART_GetInstance.str1.4
                0x00005240       0x38 ./drivers/fsl_lpuart.o
 .rodata.LPUART_Init.str1.4
                0x00005240      0x10a ./drivers/fsl_lpuart.o
 .rodata.LPUART_GetDefaultConfig.str1.4
                0x00005240       0x22 ./drivers/fsl_lpuart.o
 .rodata.LPUART_WriteBlocking.str1.4
                0x00005240       0x21 ./drivers/fsl_lpuart.o
 .rodata.LPUART_ReadBlocking.str1.4
                0x00005240       0x21 ./drivers/fsl_lpuart.o
 .rodata.RESET_SetPeripheralReset.str1.4
                0x00005240       0x3f ./drivers/fsl_reset.o
 .rodata.RESET_ClearPeripheralReset.str1.4
                0x00005240       0x1e ./drivers/fsl_reset.o
 .rodata.SPC_SetSRAMOperateVoltage.str1.4
                0x00005240       0x1f ./drivers/fsl_spc.o
 .rodata.SPC_SetActiveModeCoreLDORegulatorConfig.str1.4
                0x00005240       0x1f ./drivers/fsl_spc.o
 .rodata.SPC_SetActiveModeRegulatorsConfig.str1.4
                0x00005240       0x20 ./drivers/fsl_spc.o
 .rodata.SPC_SetLowPowerModeRegulatorsConfig.str1.4
                0x00005240       0x20 ./drivers/fsl_spc.o
 .rodata.WUU_SetExternalWakeUpPinsConfig.str1.4
                0x00005240       0x1e ./drivers/fsl_wuu.o
 .rodata.s_LpuartAdapterBase
                0x00005240        0xc ./component/uart/fsl_adapter_lpuart.o
 .rodata.HAL_UartInit.str1.4
                0x0000524c      0x116 ./component/uart/fsl_adapter_lpuart.o
 .rodata.HAL_UartDeinit.str1.4
                0x0000524c       0x2a ./component/uart/fsl_adapter_lpuart.o
 .rodata.HAL_UartReceiveBlocking.str1.4
                0x0000524c       0x7b ./component/uart/fsl_adapter_lpuart.o
 .rodata.HAL_UartSendBlocking.str1.4
                0x0000524c       0x7b ./component/uart/fsl_adapter_lpuart.o
 .rodata.PORT_SetPinConfig.str1.4
                0x0000524c       0x62 ./board/pin_mux.o
 .rodata.__num_Ciob_streams
                0x0000524c        0x4 C:/NXP/MCUXpressoIDE_11.10.0_3148/ide/plugins/com.nxp.mcuxpresso.tools.win32_11.10.0.202311280810/tools/bin/../lib/gcc/arm-none-eabi/13.2.1/../../../../arm-none-eabi/lib/thumb/v8-m.main/nofp\libcr_nohost_nf.a(__ciob.o)
                0x0000524c                __num_Ciob_streams
 .rodata._initio.str1.1
                0x00005250        0x4 C:/NXP/MCUXpressoIDE_11.10.0_3148/ide/plugins/com.nxp.mcuxpresso.tools.win32_11.10.0.202311280810/tools/bin/../lib/gcc/arm-none-eabi/13.2.1/../../../../arm-none-eabi/lib/thumb/v8-m.main/nofp\libcr_c.a(initio.o)
                0x00005364                        . = ALIGN (0x4)

.glue_7         0x00005254        0x0
 .glue_7        0x00005254        0x0 linker stubs

.glue_7t        0x00005254        0x0
 .glue_7t       0x00005254        0x0 linker stubs

.vfp11_veneer   0x00005254        0x0
 .vfp11_veneer  0x00005254        0x0 linker stubs

.v4_bx          0x00005254        0x0
 .v4_bx         0x00005254        0x0 linker stubs

.iplt           0x00005254        0x0
 .iplt          0x00005254        0x0 ./utilities/fsl_assert.o

.rel.dyn        0x00005254        0x0
 .rel.iplt      0x00005254        0x0 ./utilities/fsl_assert.o

.ARM.extab
 *(SORT_BY_ALIGNMENT(.ARM.extab*) SORT_BY_ALIGNMENT(.gnu.linkonce.armextab.*))

.ARM.exidx      0x00005254        0x0
                0x00005254                        __exidx_start = .
 *(SORT_BY_ALIGNMENT(.ARM.exidx*) SORT_BY_ALIGNMENT(.gnu.linkonce.armexidx.*))
                0x00005254                        __exidx_end = .
                0x00005254                        _etext = .

.data_RAM2      0x04000000        0x0 load address 0x00005254
 FILL mask 0xff
                [!provide]                        PROVIDE (__start_data_RAM2 = .)
                [!provide]                        PROVIDE (__start_data_SRAMX0 = .)
 *(SORT_BY_ALIGNMENT(.ramfunc.$RAM2))
 *(SORT_BY_ALIGNMENT(.ramfunc.$SRAMX0))
 *(SORT_BY_ALIGNMENT(.data.$RAM2))
 *(SORT_BY_ALIGNMENT(.data.$SRAMX0))
 *(SORT_BY_ALIGNMENT(.data.$RAM2.*))
 *(SORT_BY_ALIGNMENT(.data.$SRAMX0.*))
                0x04000000                        . = ALIGN (0x4)
                [!provide]                        PROVIDE (__end_data_RAM2 = .)
                [!provide]                        PROVIDE (__end_data_SRAMX0 = .)

.data_RAM3      0x04002000        0x0 load address 0x00005254
 FILL mask 0xff
                [!provide]                        PROVIDE (__start_data_RAM3 = .)
                [!provide]                        PROVIDE (__start_data_SRAMX1 = .)
 *(SORT_BY_ALIGNMENT(.ramfunc.$RAM3))
 *(SORT_BY_ALIGNMENT(.ramfunc.$SRAMX1))
 *(SORT_BY_ALIGNMENT(.data.$RAM3))
 *(SORT_BY_ALIGNMENT(.data.$SRAMX1))
 *(SORT_BY_ALIGNMENT(.data.$RAM3.*))
 *(SORT_BY_ALIGNMENT(.data.$SRAMX1.*))
                0x04002000                        . = ALIGN (0x4)
                [!provide]                        PROVIDE (__end_data_RAM3 = .)
                [!provide]                        PROVIDE (__end_data_SRAMX1 = .)

.uninit_RESERVED
                0x20000000        0x0
                0x20000000                        _start_uninit_RESERVED = .
 *(SORT_BY_ALIGNMENT(.bss.$RESERVED*))
                0x20000000                        . = ALIGN (0x4)
                0x20000000                        _end_uninit_RESERVED = .

.data           0x20000000        0x8 load address 0x00005254
 FILL mask 0xff
                0x20000000                        _data = .
                [!provide]                        PROVIDE (__start_data_RAM = .)
                [!provide]                        PROVIDE (__start_data_SRAM = .)
 *(SORT_BY_ALIGNMENT(vtable))
 *(SORT_BY_ALIGNMENT(.ramfunc*))
 *(SORT_BY_ALIGNMENT(CodeQuickAccess))
 *(SORT_BY_ALIGNMENT(DataQuickAccess))
 *(SORT_BY_ALIGNMENT(RamFunction))
 *(SORT_BY_ALIGNMENT(.data*))
 .data.s_Ext_Clk_Freq
                0x20000000        0x4 ./drivers/fsl_clock.o
 .data.SystemCoreClock
                0x20000004        0x4 ./device/system_MCXA153.o
                0x20000004                SystemCoreClock
                0x20000008                        . = ALIGN (0x4)
                0x20000008                        _edata = .
                [!provide]                        PROVIDE (__end_data_RAM = .)
                [!provide]                        PROVIDE (__end_data_SRAM = .)

.igot.plt       0x20000008        0x0 load address 0x0000525c
 .igot.plt      0x20000008        0x0 ./utilities/fsl_assert.o

.bss_RAM2       0x04000000        0x0
                [!provide]                        PROVIDE (__start_bss_RAM2 = .)
                [!provide]                        PROVIDE (__start_bss_SRAMX0 = .)
 *(SORT_BY_ALIGNMENT(.bss.$RAM2))
 *(SORT_BY_ALIGNMENT(.bss.$SRAMX0))
 *(SORT_BY_ALIGNMENT(.bss.$RAM2.*))
 *(SORT_BY_ALIGNMENT(.bss.$SRAMX0.*))
                0x04000000                        . = ALIGN ((. != 0x0)?0x4:0x1)
                [!provide]                        PROVIDE (__end_bss_RAM2 = .)
                [!provide]                        PROVIDE (__end_bss_SRAMX0 = .)

.bss_RAM3       0x04002000        0x0
                [!provide]                        PROVIDE (__start_bss_RAM3 = .)
                [!provide]                        PROVIDE (__start_bss_SRAMX1 = .)
 *(SORT_BY_ALIGNMENT(.bss.$RAM3))
 *(SORT_BY_ALIGNMENT(.bss.$SRAMX1))
 *(SORT_BY_ALIGNMENT(.bss.$RAM3.*))
 *(SORT_BY_ALIGNMENT(.bss.$SRAMX1.*))
                0x04002000                        . = ALIGN ((. != 0x0)?0x4:0x1)
                [!provide]                        PROVIDE (__end_bss_RAM3 = .)
                [!provide]                        PROVIDE (__end_bss_SRAMX1 = .)

.bss            0x20000008       0xe8
                0x20000008                        _bss = .
                [!provide]                        PROVIDE (__start_bss_RAM = .)
                [!provide]                        PROVIDE (__start_bss_SRAM = .)
 *(SORT_BY_ALIGNMENT(.bss*))
 .bss.s_debugConsole
                0x20000008       0x14 ./utilities/fsl_debug_console.o
 .bss.s_lpuartHandle
                0x2000001c        0xc ./drivers/fsl_lpuart.o
                0x2000001c                s_lpuartHandle
 .bss.s_lpuartIsr
                0x20000028        0xc ./drivers/fsl_lpuart.o
                0x20000028                s_lpuartIsr
 .bss.s_waketimerCallback
                0x20000034        0x4 ./drivers/fsl_waketimer.o
 .bss.errno     0x20000038        0x4 C:/NXP/MCUXpressoIDE_11.10.0_3148/ide/plugins/com.nxp.mcuxpresso.tools.win32_11.10.0.202311280810/tools/bin/../lib/gcc/arm-none-eabi/13.2.1/../../../../arm-none-eabi/lib/thumb/v8-m.main/nofp\libcr_c.a(errno.o)
                0x20000038                errno
 .bss.__Ciob    0x2000003c       0xb4 C:/NXP/MCUXpressoIDE_11.10.0_3148/ide/plugins/com.nxp.mcuxpresso.tools.win32_11.10.0.202311280810/tools/bin/../lib/gcc/arm-none-eabi/13.2.1/../../../../arm-none-eabi/lib/thumb/v8-m.main/nofp\libcr_nohost_nf.a(__ciob.o)
                0x2000003c                __Ciob
 *(SORT_BY_ALIGNMENT(COMMON))
                0x200000f0                        . = ALIGN (0x4)
                0x200000f0                        _ebss = .
                [!provide]                        PROVIDE (__end_bss_RAM = .)
                [!provide]                        PROVIDE (__end_bss_SRAM = .)
                [!provide]                        PROVIDE (end = .)

.noinit_RAM2    0x04000000        0x0
                [!provide]                        PROVIDE (__start_noinit_RAM2 = .)
                [!provide]                        PROVIDE (__start_noinit_SRAMX0 = .)
 *(SORT_BY_ALIGNMENT(.noinit.$RAM2))
 *(SORT_BY_ALIGNMENT(.noinit.$SRAMX0))
 *(SORT_BY_ALIGNMENT(.noinit.$RAM2.*))
 *(SORT_BY_ALIGNMENT(.noinit.$SRAMX0.*))
                0x04000000                        . = ALIGN (0x4)
                [!provide]                        PROVIDE (__end_noinit_RAM2 = .)
                [!provide]                        PROVIDE (__end_noinit_SRAMX0 = .)

.noinit_RAM3    0x04002000        0x0
                [!provide]                        PROVIDE (__start_noinit_RAM3 = .)
                [!provide]                        PROVIDE (__start_noinit_SRAMX1 = .)
 *(SORT_BY_ALIGNMENT(.noinit.$RAM3))
 *(SORT_BY_ALIGNMENT(.noinit.$SRAMX1))
 *(SORT_BY_ALIGNMENT(.noinit.$RAM3.*))
 *(SORT_BY_ALIGNMENT(.noinit.$SRAMX1.*))
                0x04002000                        . = ALIGN (0x4)
                [!provide]                        PROVIDE (__end_noinit_RAM3 = .)
                [!provide]                        PROVIDE (__end_noinit_SRAMX1 = .)

.noinit         0x200000f0        0x0
                0x200000f0                        _noinit = .
                [!provide]                        PROVIDE (__start_noinit_RAM = .)
                [!provide]                        PROVIDE (__start_noinit_SRAM = .)
 *(SORT_BY_ALIGNMENT(.noinit*))
                0x200000f0                        . = ALIGN (0x4)
                0x200000f0                        _end_noinit = .
                [!provide]                        PROVIDE (__end_noinit_RAM = .)
                [!provide]                        PROVIDE (__end_noinit_SRAM = .)
                0x00000600                        _HeapSize = 0x600

.heap           0x200000f0      0x600
                0x200000f0                        _pvHeapStart = .
                0x200006f0                        . = (. + _HeapSize)
 *fill*         0x200000f0      0x600 
                0x200006f0                        . = ALIGN (0x4)
                0x200006f0                        _pvHeapLimit = .
                0x00000600                        _StackSize = 0x600

.heap2stackfill
                0x200006f0      0x600
                0x20000cf0                        . = (. + _StackSize)
 *fill*         0x200006f0      0x600 

.stack          0x20005a00        0x0
                0x20005a00                        _vStackBase = .
                0x20005a00                        . = ALIGN (0x4)
                0x20006000                        _vStackTop = (. + _StackSize)
                0x00000000                        _image_start = LOADADDR (.text)
                0x0000525c                        _image_end = (LOADADDR (.data) + SIZEOF (.data))
                0x0000525c                        _image_size = (_image_end - _image_start)
OUTPUT(dm-low-power-implementation-mcxa153.axf elf32-littlearm)
LOAD linker stubs

.debug_info     0x00000000    0x13790
 .debug_info    0x00000000       0xc5 ./utilities/fsl_assert.o
 .debug_info    0x000000c5      0xd6a ./utilities/fsl_debug_console.o
 .debug_info    0x00000e2f       0x24 ./utilities/fsl_memcpy.o
 .debug_info    0x00000e53      0xb7e ./startup/startup_mcxa153.o
 .debug_info    0x000019d1     0x23e3 ./source/low_power_implementation.o
 .debug_info    0x00003db4       0x3c ./source/semihost_hardfault.o
 .debug_info    0x00003df0     0x20cf ./drivers/fsl_clock.o
 .debug_info    0x00005ebf     0x1419 ./drivers/fsl_cmc.o
 .debug_info    0x000072d8      0x47d ./drivers/fsl_gpio.o
 .debug_info    0x00007755     0x2942 ./drivers/fsl_lpuart.o
 .debug_info    0x0000a097      0xab3 ./drivers/fsl_reset.o
 .debug_info    0x0000ab4a     0x1137 ./drivers/fsl_spc.o
 .debug_info    0x0000bc81      0xccf ./drivers/fsl_waketimer.o
 .debug_info    0x0000c950      0x6af ./drivers/fsl_wuu.o
 .debug_info    0x0000cfff      0xf98 ./device/system_MCXA153.o
 .debug_info    0x0000df97      0xc89 ./component/uart/fsl_adapter_lpuart.o
 .debug_info    0x0000ec20      0x6e5 ./board/board.o
 .debug_info    0x0000f305      0xca7 ./board/clock_config.o
 .debug_info    0x0000ffac      0xe98 ./board/pin_mux.o
 .debug_info    0x00010e44       0x85 C:/NXP/MCUXpressoIDE_11.10.0_3148/ide/plugins/com.nxp.mcuxpresso.tools.win32_11.10.0.202311280810/tools/bin/../lib/gcc/arm-none-eabi/13.2.1/../../../../arm-none-eabi/lib/thumb/v8-m.main/nofp\libcr_nohost_nf.a(_cr__main.o)
 .debug_info    0x00010ec9       0xfc C:/NXP/MCUXpressoIDE_11.10.0_3148/ide/plugins/com.nxp.mcuxpresso.tools.win32_11.10.0.202311280810/tools/bin/../lib/gcc/arm-none-eabi/13.2.1/../../../../arm-none-eabi/lib/thumb/v8-m.main/nofp\libcr_c.a(memset.o)
 .debug_info    0x00010fc5      0x520 C:/NXP/MCUXpressoIDE_11.10.0_3148/ide/plugins/com.nxp.mcuxpresso.tools.win32_11.10.0.202311280810/tools/bin/../lib/gcc/arm-none-eabi/13.2.1/../../../../arm-none-eabi/lib/thumb/v8-m.main/nofp\libcr_c.a(alloc.o)
 .debug_info    0x000114e5       0x44 C:/NXP/MCUXpressoIDE_11.10.0_3148/ide/plugins/com.nxp.mcuxpresso.tools.win32_11.10.0.202311280810/tools/bin/../lib/gcc/arm-none-eabi/13.2.1/../../../../arm-none-eabi/lib/thumb/v8-m.main/nofp\libcr_c.a(errno.o)
 .debug_info    0x00011529      0x339 C:/NXP/MCUXpressoIDE_11.10.0_3148/ide/plugins/com.nxp.mcuxpresso.tools.win32_11.10.0.202311280810/tools/bin/../lib/gcc/arm-none-eabi/13.2.1/../../../../arm-none-eabi/lib/thumb/v8-m.main/nofp\libcr_c.a(initio.o)
 .debug_info    0x00011862      0x1fd C:/NXP/MCUXpressoIDE_11.10.0_3148/ide/plugins/com.nxp.mcuxpresso.tools.win32_11.10.0.202311280810/tools/bin/../lib/gcc/arm-none-eabi/13.2.1/../../../../arm-none-eabi/lib/thumb/v8-m.main/nofp\libcr_c.a(setvbuf.o)
 .debug_info    0x00011a5f       0xe1 C:/NXP/MCUXpressoIDE_11.10.0_3148/ide/plugins/com.nxp.mcuxpresso.tools.win32_11.10.0.202311280810/tools/bin/../lib/gcc/arm-none-eabi/13.2.1/../../../../arm-none-eabi/lib/thumb/v8-m.main/nofp\libcr_c.a(strlen.o)
 .debug_info    0x00011b40      0x369 C:/NXP/MCUXpressoIDE_11.10.0_3148/ide/plugins/com.nxp.mcuxpresso.tools.win32_11.10.0.202311280810/tools/bin/../lib/gcc/arm-none-eabi/13.2.1/../../../../arm-none-eabi/lib/thumb/v8-m.main/nofp\libcr_c.a(_deferredlazyseek.o)
 .debug_info    0x00011ea9      0x24b C:/NXP/MCUXpressoIDE_11.10.0_3148/ide/plugins/com.nxp.mcuxpresso.tools.win32_11.10.0.202311280810/tools/bin/../lib/gcc/arm-none-eabi/13.2.1/../../../../arm-none-eabi/lib/thumb/v8-m.main/nofp\libcr_c.a(_fdopen.o)
 .debug_info    0x000120f4      0x1e3 C:/NXP/MCUXpressoIDE_11.10.0_3148/ide/plugins/com.nxp.mcuxpresso.tools.win32_11.10.0.202311280810/tools/bin/../lib/gcc/arm-none-eabi/13.2.1/../../../../arm-none-eabi/lib/thumb/v8-m.main/nofp\libcr_c.a(_fflush.o)
 .debug_info    0x000122d7      0x289 C:/NXP/MCUXpressoIDE_11.10.0_3148/ide/plugins/com.nxp.mcuxpresso.tools.win32_11.10.0.202311280810/tools/bin/../lib/gcc/arm-none-eabi/13.2.1/../../../../arm-none-eabi/lib/thumb/v8-m.main/nofp\libcr_c.a(_writebuf.o)
 .debug_info    0x00012560      0x318 C:/NXP/MCUXpressoIDE_11.10.0_3148/ide/plugins/com.nxp.mcuxpresso.tools.win32_11.10.0.202311280810/tools/bin/../lib/gcc/arm-none-eabi/13.2.1/../../../../arm-none-eabi/lib/thumb/v8-m.main/nofp\libcr_c.a(fclose.o)
 .debug_info    0x00012878      0x209 C:/NXP/MCUXpressoIDE_11.10.0_3148/ide/plugins/com.nxp.mcuxpresso.tools.win32_11.10.0.202311280810/tools/bin/../lib/gcc/arm-none-eabi/13.2.1/../../../../arm-none-eabi/lib/thumb/v8-m.main/nofp\libcr_c.a(fflush.o)
 .debug_info    0x00012a81      0x276 C:/NXP/MCUXpressoIDE_11.10.0_3148/ide/plugins/com.nxp.mcuxpresso.tools.win32_11.10.0.202311280810/tools/bin/../lib/gcc/arm-none-eabi/13.2.1/../../../../arm-none-eabi/lib/thumb/v8-m.main/nofp\libcr_c.a(fseek.o)
 .debug_info    0x00012cf7      0x197 C:/NXP/MCUXpressoIDE_11.10.0_3148/ide/plugins/com.nxp.mcuxpresso.tools.win32_11.10.0.202311280810/tools/bin/../lib/gcc/arm-none-eabi/13.2.1/../../../../arm-none-eabi/lib/thumb/v8-m.main/nofp\libcr_c.a(ftell.o)
 .debug_info    0x00012e8e      0x1d7 C:/NXP/MCUXpressoIDE_11.10.0_3148/ide/plugins/com.nxp.mcuxpresso.tools.win32_11.10.0.202311280810/tools/bin/../lib/gcc/arm-none-eabi/13.2.1/../../../../arm-none-eabi/lib/thumb/v8-m.main/nofp\libcr_c.a(remove.o)
 .debug_info    0x00013065      0x23a C:/NXP/MCUXpressoIDE_11.10.0_3148/ide/plugins/com.nxp.mcuxpresso.tools.win32_11.10.0.202311280810/tools/bin/../lib/gcc/arm-none-eabi/13.2.1/../../../../arm-none-eabi/lib/thumb/v8-m.main/nofp\libcr_c.a(_do_fflush.o)
 .debug_info    0x0001329f      0x18b C:/NXP/MCUXpressoIDE_11.10.0_3148/ide/plugins/com.nxp.mcuxpresso.tools.win32_11.10.0.202311280810/tools/bin/../lib/gcc/arm-none-eabi/13.2.1/../../../../arm-none-eabi/lib/thumb/v8-m.main/nofp\libcr_nohost_nf.a(__ciob.o)
 .debug_info    0x0001342a       0x6a C:/NXP/MCUXpressoIDE_11.10.0_3148/ide/plugins/com.nxp.mcuxpresso.tools.win32_11.10.0.202311280810/tools/bin/../lib/gcc/arm-none-eabi/13.2.1/../../../../arm-none-eabi/lib/thumb/v8-m.main/nofp\libcr_nohost_nf.a(__sys_close.o)
 .debug_info    0x00013494       0x6a C:/NXP/MCUXpressoIDE_11.10.0_3148/ide/plugins/com.nxp.mcuxpresso.tools.win32_11.10.0.202311280810/tools/bin/../lib/gcc/arm-none-eabi/13.2.1/../../../../arm-none-eabi/lib/thumb/v8-m.main/nofp\libcr_nohost_nf.a(__sys_flen.o)
 .debug_info    0x000134fe       0x6a C:/NXP/MCUXpressoIDE_11.10.0_3148/ide/plugins/com.nxp.mcuxpresso.tools.win32_11.10.0.202311280810/tools/bin/../lib/gcc/arm-none-eabi/13.2.1/../../../../arm-none-eabi/lib/thumb/v8-m.main/nofp\libcr_nohost_nf.a(__sys_istty.o)
 .debug_info    0x00013568       0x8a C:/NXP/MCUXpressoIDE_11.10.0_3148/ide/plugins/com.nxp.mcuxpresso.tools.win32_11.10.0.202311280810/tools/bin/../lib/gcc/arm-none-eabi/13.2.1/../../../../arm-none-eabi/lib/thumb/v8-m.main/nofp\libcr_nohost_nf.a(__sys_remove.o)
 .debug_info    0x000135f2       0x78 C:/NXP/MCUXpressoIDE_11.10.0_3148/ide/plugins/com.nxp.mcuxpresso.tools.win32_11.10.0.202311280810/tools/bin/../lib/gcc/arm-none-eabi/13.2.1/../../../../arm-none-eabi/lib/thumb/v8-m.main/nofp\libcr_nohost_nf.a(__sys_seek.o)
 .debug_info    0x0001366a       0x93 C:/NXP/MCUXpressoIDE_11.10.0_3148/ide/plugins/com.nxp.mcuxpresso.tools.win32_11.10.0.202311280810/tools/bin/../lib/gcc/arm-none-eabi/13.2.1/../../../../arm-none-eabi/lib/thumb/v8-m.main/nofp\libcr_nohost_nf.a(__sys_tmpnam.o)
 .debug_info    0x000136fd       0x93 C:/NXP/MCUXpressoIDE_11.10.0_3148/ide/plugins/com.nxp.mcuxpresso.tools.win32_11.10.0.202311280810/tools/bin/../lib/gcc/arm-none-eabi/13.2.1/../../../../arm-none-eabi/lib/thumb/v8-m.main/nofp\libcr_nohost_nf.a(__sys_write.o)

.debug_abbrev   0x00000000     0x3a4b
 .debug_abbrev  0x00000000       0x90 ./utilities/fsl_assert.o
 .debug_abbrev  0x00000090      0x27c ./utilities/fsl_debug_console.o
 .debug_abbrev  0x0000030c       0x14 ./utilities/fsl_memcpy.o
 .debug_abbrev  0x00000320      0x134 ./startup/startup_mcxa153.o
 .debug_abbrev  0x00000454      0x394 ./source/low_power_implementation.o
 .debug_abbrev  0x000007e8       0x31 ./source/semihost_hardfault.o
 .debug_abbrev  0x00000819      0x30e ./drivers/fsl_clock.o
 .debug_abbrev  0x00000b27      0x2d7 ./drivers/fsl_cmc.o
 .debug_abbrev  0x00000dfe      0x1c7 ./drivers/fsl_gpio.o
 .debug_abbrev  0x00000fc5      0x464 ./drivers/fsl_lpuart.o
 .debug_abbrev  0x00001429      0x155 ./drivers/fsl_reset.o
 .debug_abbrev  0x0000157e      0x2c0 ./drivers/fsl_spc.o
 .debug_abbrev  0x0000183e      0x2b0 ./drivers/fsl_waketimer.o
 .debug_abbrev  0x00001aee      0x1d8 ./drivers/fsl_wuu.o
 .debug_abbrev  0x00001cc6      0x123 ./device/system_MCXA153.o
 .debug_abbrev  0x00001de9      0x1fc ./component/uart/fsl_adapter_lpuart.o
 .debug_abbrev  0x00001fe5       0xf2 ./board/board.o
 .debug_abbrev  0x000020d7      0x215 ./board/clock_config.o
 .debug_abbrev  0x000022ec      0x1ef ./board/pin_mux.o
 .debug_abbrev  0x000024db       0x70 C:/NXP/MCUXpressoIDE_11.10.0_3148/ide/plugins/com.nxp.mcuxpresso.tools.win32_11.10.0.202311280810/tools/bin/../lib/gcc/arm-none-eabi/13.2.1/../../../../arm-none-eabi/lib/thumb/v8-m.main/nofp\libcr_nohost_nf.a(_cr__main.o)
 .debug_abbrev  0x0000254b       0xa8 C:/NXP/MCUXpressoIDE_11.10.0_3148/ide/plugins/com.nxp.mcuxpresso.tools.win32_11.10.0.202311280810/tools/bin/../lib/gcc/arm-none-eabi/13.2.1/../../../../arm-none-eabi/lib/thumb/v8-m.main/nofp\libcr_c.a(memset.o)
 .debug_abbrev  0x000025f3      0x284 C:/NXP/MCUXpressoIDE_11.10.0_3148/ide/plugins/com.nxp.mcuxpresso.tools.win32_11.10.0.202311280810/tools/bin/../lib/gcc/arm-none-eabi/13.2.1/../../../../arm-none-eabi/lib/thumb/v8-m.main/nofp\libcr_c.a(alloc.o)
 .debug_abbrev  0x00002877       0x44 C:/NXP/MCUXpressoIDE_11.10.0_3148/ide/plugins/com.nxp.mcuxpresso.tools.win32_11.10.0.202311280810/tools/bin/../lib/gcc/arm-none-eabi/13.2.1/../../../../arm-none-eabi/lib/thumb/v8-m.main/nofp\libcr_c.a(errno.o)
 .debug_abbrev  0x000028bb      0x169 C:/NXP/MCUXpressoIDE_11.10.0_3148/ide/plugins/com.nxp.mcuxpresso.tools.win32_11.10.0.202311280810/tools/bin/../lib/gcc/arm-none-eabi/13.2.1/../../../../arm-none-eabi/lib/thumb/v8-m.main/nofp\libcr_c.a(initio.o)
 .debug_abbrev  0x00002a24       0xe1 C:/NXP/MCUXpressoIDE_11.10.0_3148/ide/plugins/com.nxp.mcuxpresso.tools.win32_11.10.0.202311280810/tools/bin/../lib/gcc/arm-none-eabi/13.2.1/../../../../arm-none-eabi/lib/thumb/v8-m.main/nofp\libcr_c.a(setvbuf.o)
 .debug_abbrev  0x00002b05       0xa7 C:/NXP/MCUXpressoIDE_11.10.0_3148/ide/plugins/com.nxp.mcuxpresso.tools.win32_11.10.0.202311280810/tools/bin/../lib/gcc/arm-none-eabi/13.2.1/../../../../arm-none-eabi/lib/thumb/v8-m.main/nofp\libcr_c.a(strlen.o)
 .debug_abbrev  0x00002bac      0x152 C:/NXP/MCUXpressoIDE_11.10.0_3148/ide/plugins/com.nxp.mcuxpresso.tools.win32_11.10.0.202311280810/tools/bin/../lib/gcc/arm-none-eabi/13.2.1/../../../../arm-none-eabi/lib/thumb/v8-m.main/nofp\libcr_c.a(_deferredlazyseek.o)
 .debug_abbrev  0x00002cfe      0x119 C:/NXP/MCUXpressoIDE_11.10.0_3148/ide/plugins/com.nxp.mcuxpresso.tools.win32_11.10.0.202311280810/tools/bin/../lib/gcc/arm-none-eabi/13.2.1/../../../../arm-none-eabi/lib/thumb/v8-m.main/nofp\libcr_c.a(_fdopen.o)
 .debug_abbrev  0x00002e17       0xf1 C:/NXP/MCUXpressoIDE_11.10.0_3148/ide/plugins/com.nxp.mcuxpresso.tools.win32_11.10.0.202311280810/tools/bin/../lib/gcc/arm-none-eabi/13.2.1/../../../../arm-none-eabi/lib/thumb/v8-m.main/nofp\libcr_c.a(_fflush.o)
 .debug_abbrev  0x00002f08      0x126 C:/NXP/MCUXpressoIDE_11.10.0_3148/ide/plugins/com.nxp.mcuxpresso.tools.win32_11.10.0.202311280810/tools/bin/../lib/gcc/arm-none-eabi/13.2.1/../../../../arm-none-eabi/lib/thumb/v8-m.main/nofp\libcr_c.a(_writebuf.o)
 .debug_abbrev  0x0000302e      0x155 C:/NXP/MCUXpressoIDE_11.10.0_3148/ide/plugins/com.nxp.mcuxpresso.tools.win32_11.10.0.202311280810/tools/bin/../lib/gcc/arm-none-eabi/13.2.1/../../../../arm-none-eabi/lib/thumb/v8-m.main/nofp\libcr_c.a(fclose.o)
 .debug_abbrev  0x00003183      0x125 C:/NXP/MCUXpressoIDE_11.10.0_3148/ide/plugins/com.nxp.mcuxpresso.tools.win32_11.10.0.202311280810/tools/bin/../lib/gcc/arm-none-eabi/13.2.1/../../../../arm-none-eabi/lib/thumb/v8-m.main/nofp\libcr_c.a(fflush.o)
 .debug_abbrev  0x000032a8      0x11b C:/NXP/MCUXpressoIDE_11.10.0_3148/ide/plugins/com.nxp.mcuxpresso.tools.win32_11.10.0.202311280810/tools/bin/../lib/gcc/arm-none-eabi/13.2.1/../../../../arm-none-eabi/lib/thumb/v8-m.main/nofp\libcr_c.a(fseek.o)
 .debug_abbrev  0x000033c3       0xc2 C:/NXP/MCUXpressoIDE_11.10.0_3148/ide/plugins/com.nxp.mcuxpresso.tools.win32_11.10.0.202311280810/tools/bin/../lib/gcc/arm-none-eabi/13.2.1/../../../../arm-none-eabi/lib/thumb/v8-m.main/nofp\libcr_c.a(ftell.o)
 .debug_abbrev  0x00003485       0xfb C:/NXP/MCUXpressoIDE_11.10.0_3148/ide/plugins/com.nxp.mcuxpresso.tools.win32_11.10.0.202311280810/tools/bin/../lib/gcc/arm-none-eabi/13.2.1/../../../../arm-none-eabi/lib/thumb/v8-m.main/nofp\libcr_c.a(remove.o)
 .debug_abbrev  0x00003580      0x12c C:/NXP/MCUXpressoIDE_11.10.0_3148/ide/plugins/com.nxp.mcuxpresso.tools.win32_11.10.0.202311280810/tools/bin/../lib/gcc/arm-none-eabi/13.2.1/../../../../arm-none-eabi/lib/thumb/v8-m.main/nofp\libcr_c.a(_do_fflush.o)
 .debug_abbrev  0x000036ac       0xb5 C:/NXP/MCUXpressoIDE_11.10.0_3148/ide/plugins/com.nxp.mcuxpresso.tools.win32_11.10.0.202311280810/tools/bin/../lib/gcc/arm-none-eabi/13.2.1/../../../../arm-none-eabi/lib/thumb/v8-m.main/nofp\libcr_nohost_nf.a(__ciob.o)
 .debug_abbrev  0x00003761       0x5c C:/NXP/MCUXpressoIDE_11.10.0_3148/ide/plugins/com.nxp.mcuxpresso.tools.win32_11.10.0.202311280810/tools/bin/../lib/gcc/arm-none-eabi/13.2.1/../../../../arm-none-eabi/lib/thumb/v8-m.main/nofp\libcr_nohost_nf.a(__sys_close.o)
 .debug_abbrev  0x000037bd       0x5c C:/NXP/MCUXpressoIDE_11.10.0_3148/ide/plugins/com.nxp.mcuxpresso.tools.win32_11.10.0.202311280810/tools/bin/../lib/gcc/arm-none-eabi/13.2.1/../../../../arm-none-eabi/lib/thumb/v8-m.main/nofp\libcr_nohost_nf.a(__sys_flen.o)
 .debug_abbrev  0x00003819       0x5c C:/NXP/MCUXpressoIDE_11.10.0_3148/ide/plugins/com.nxp.mcuxpresso.tools.win32_11.10.0.202311280810/tools/bin/../lib/gcc/arm-none-eabi/13.2.1/../../../../arm-none-eabi/lib/thumb/v8-m.main/nofp\libcr_nohost_nf.a(__sys_istty.o)
 .debug_abbrev  0x00003875       0x7d C:/NXP/MCUXpressoIDE_11.10.0_3148/ide/plugins/com.nxp.mcuxpresso.tools.win32_11.10.0.202311280810/tools/bin/../lib/gcc/arm-none-eabi/13.2.1/../../../../arm-none-eabi/lib/thumb/v8-m.main/nofp\libcr_nohost_nf.a(__sys_remove.o)
 .debug_abbrev  0x000038f2       0x6d C:/NXP/MCUXpressoIDE_11.10.0_3148/ide/plugins/com.nxp.mcuxpresso.tools.win32_11.10.0.202311280810/tools/bin/../lib/gcc/arm-none-eabi/13.2.1/../../../../arm-none-eabi/lib/thumb/v8-m.main/nofp\libcr_nohost_nf.a(__sys_seek.o)
 .debug_abbrev  0x0000395f       0x76 C:/NXP/MCUXpressoIDE_11.10.0_3148/ide/plugins/com.nxp.mcuxpresso.tools.win32_11.10.0.202311280810/tools/bin/../lib/gcc/arm-none-eabi/13.2.1/../../../../arm-none-eabi/lib/thumb/v8-m.main/nofp\libcr_nohost_nf.a(__sys_tmpnam.o)
 .debug_abbrev  0x000039d5       0x76 C:/NXP/MCUXpressoIDE_11.10.0_3148/ide/plugins/com.nxp.mcuxpresso.tools.win32_11.10.0.202311280810/tools/bin/../lib/gcc/arm-none-eabi/13.2.1/../../../../arm-none-eabi/lib/thumb/v8-m.main/nofp\libcr_nohost_nf.a(__sys_write.o)

.debug_aranges  0x00000000      0xf30
 .debug_aranges
                0x00000000       0x20 ./utilities/fsl_assert.o
 .debug_aranges
                0x00000020       0x78 ./utilities/fsl_debug_console.o
 .debug_aranges
                0x00000098       0x20 ./utilities/fsl_memcpy.o
 .debug_aranges
                0x000000b8      0x2e0 ./startup/startup_mcxa153.o
 .debug_aranges
                0x00000398      0x138 ./source/low_power_implementation.o
 .debug_aranges
                0x000004d0       0x20 ./source/semihost_hardfault.o
 .debug_aranges
                0x000004f0      0x158 ./drivers/fsl_clock.o
 .debug_aranges
                0x00000648       0x80 ./drivers/fsl_cmc.o
 .debug_aranges
                0x000006c8       0x50 ./drivers/fsl_gpio.o
 .debug_aranges
                0x00000718      0x170 ./drivers/fsl_lpuart.o
 .debug_aranges
                0x00000888       0x30 ./drivers/fsl_reset.o
 .debug_aranges
                0x000008b8      0x120 ./drivers/fsl_spc.o
 .debug_aranges
                0x000009d8       0x90 ./drivers/fsl_waketimer.o
 .debug_aranges
                0x00000a68       0x58 ./drivers/fsl_wuu.o
 .debug_aranges
                0x00000ac0       0x30 ./device/system_MCXA153.o
 .debug_aranges
                0x00000af0       0x58 ./component/uart/fsl_adapter_lpuart.o
 .debug_aranges
                0x00000b48       0x20 ./board/board.o
 .debug_aranges
                0x00000b68       0x48 ./board/clock_config.o
 .debug_aranges
                0x00000bb0       0x38 ./board/pin_mux.o
 .debug_aranges
                0x00000be8       0x20 C:/NXP/MCUXpressoIDE_11.10.0_3148/ide/plugins/com.nxp.mcuxpresso.tools.win32_11.10.0.202311280810/tools/bin/../lib/gcc/arm-none-eabi/13.2.1/../../../../arm-none-eabi/lib/thumb/v8-m.main/nofp\libcr_nohost_nf.a(_cr__main.o)
 .debug_aranges
                0x00000c08       0x20 C:/NXP/MCUXpressoIDE_11.10.0_3148/ide/plugins/com.nxp.mcuxpresso.tools.win32_11.10.0.202311280810/tools/bin/../lib/gcc/arm-none-eabi/13.2.1/../../../../arm-none-eabi/lib/thumb/v8-m.main/nofp\libcr_c.a(memset.o)
 .debug_aranges
                0x00000c28       0x40 C:/NXP/MCUXpressoIDE_11.10.0_3148/ide/plugins/com.nxp.mcuxpresso.tools.win32_11.10.0.202311280810/tools/bin/../lib/gcc/arm-none-eabi/13.2.1/../../../../arm-none-eabi/lib/thumb/v8-m.main/nofp\libcr_c.a(alloc.o)
 .debug_aranges
                0x00000c68       0x18 C:/NXP/MCUXpressoIDE_11.10.0_3148/ide/plugins/com.nxp.mcuxpresso.tools.win32_11.10.0.202311280810/tools/bin/../lib/gcc/arm-none-eabi/13.2.1/../../../../arm-none-eabi/lib/thumb/v8-m.main/nofp\libcr_c.a(errno.o)
 .debug_aranges
                0x00000c80       0x28 C:/NXP/MCUXpressoIDE_11.10.0_3148/ide/plugins/com.nxp.mcuxpresso.tools.win32_11.10.0.202311280810/tools/bin/../lib/gcc/arm-none-eabi/13.2.1/../../../../arm-none-eabi/lib/thumb/v8-m.main/nofp\libcr_c.a(initio.o)
 .debug_aranges
                0x00000ca8       0x20 C:/NXP/MCUXpressoIDE_11.10.0_3148/ide/plugins/com.nxp.mcuxpresso.tools.win32_11.10.0.202311280810/tools/bin/../lib/gcc/arm-none-eabi/13.2.1/../../../../arm-none-eabi/lib/thumb/v8-m.main/nofp\libcr_c.a(setvbuf.o)
 .debug_aranges
                0x00000cc8       0x20 C:/NXP/MCUXpressoIDE_11.10.0_3148/ide/plugins/com.nxp.mcuxpresso.tools.win32_11.10.0.202311280810/tools/bin/../lib/gcc/arm-none-eabi/13.2.1/../../../../arm-none-eabi/lib/thumb/v8-m.main/nofp\libcr_c.a(strlen.o)
 .debug_aranges
                0x00000ce8       0x28 C:/NXP/MCUXpressoIDE_11.10.0_3148/ide/plugins/com.nxp.mcuxpresso.tools.win32_11.10.0.202311280810/tools/bin/../lib/gcc/arm-none-eabi/13.2.1/../../../../arm-none-eabi/lib/thumb/v8-m.main/nofp\libcr_c.a(_deferredlazyseek.o)
 .debug_aranges
                0x00000d10       0x20 C:/NXP/MCUXpressoIDE_11.10.0_3148/ide/plugins/com.nxp.mcuxpresso.tools.win32_11.10.0.202311280810/tools/bin/../lib/gcc/arm-none-eabi/13.2.1/../../../../arm-none-eabi/lib/thumb/v8-m.main/nofp\libcr_c.a(_fdopen.o)
 .debug_aranges
                0x00000d30       0x20 C:/NXP/MCUXpressoIDE_11.10.0_3148/ide/plugins/com.nxp.mcuxpresso.tools.win32_11.10.0.202311280810/tools/bin/../lib/gcc/arm-none-eabi/13.2.1/../../../../arm-none-eabi/lib/thumb/v8-m.main/nofp\libcr_c.a(_fflush.o)
 .debug_aranges
                0x00000d50       0x20 C:/NXP/MCUXpressoIDE_11.10.0_3148/ide/plugins/com.nxp.mcuxpresso.tools.win32_11.10.0.202311280810/tools/bin/../lib/gcc/arm-none-eabi/13.2.1/../../../../arm-none-eabi/lib/thumb/v8-m.main/nofp\libcr_c.a(_writebuf.o)
 .debug_aranges
                0x00000d70       0x20 C:/NXP/MCUXpressoIDE_11.10.0_3148/ide/plugins/com.nxp.mcuxpresso.tools.win32_11.10.0.202311280810/tools/bin/../lib/gcc/arm-none-eabi/13.2.1/../../../../arm-none-eabi/lib/thumb/v8-m.main/nofp\libcr_c.a(fclose.o)
 .debug_aranges
                0x00000d90       0x20 C:/NXP/MCUXpressoIDE_11.10.0_3148/ide/plugins/com.nxp.mcuxpresso.tools.win32_11.10.0.202311280810/tools/bin/../lib/gcc/arm-none-eabi/13.2.1/../../../../arm-none-eabi/lib/thumb/v8-m.main/nofp\libcr_c.a(fflush.o)
 .debug_aranges
                0x00000db0       0x20 C:/NXP/MCUXpressoIDE_11.10.0_3148/ide/plugins/com.nxp.mcuxpresso.tools.win32_11.10.0.202311280810/tools/bin/../lib/gcc/arm-none-eabi/13.2.1/../../../../arm-none-eabi/lib/thumb/v8-m.main/nofp\libcr_c.a(fseek.o)
 .debug_aranges
                0x00000dd0       0x20 C:/NXP/MCUXpressoIDE_11.10.0_3148/ide/plugins/com.nxp.mcuxpresso.tools.win32_11.10.0.202311280810/tools/bin/../lib/gcc/arm-none-eabi/13.2.1/../../../../arm-none-eabi/lib/thumb/v8-m.main/nofp\libcr_c.a(ftell.o)
 .debug_aranges
                0x00000df0       0x28 C:/NXP/MCUXpressoIDE_11.10.0_3148/ide/plugins/com.nxp.mcuxpresso.tools.win32_11.10.0.202311280810/tools/bin/../lib/gcc/arm-none-eabi/13.2.1/../../../../arm-none-eabi/lib/thumb/v8-m.main/nofp\libcr_c.a(remove.o)
 .debug_aranges
                0x00000e18       0x20 C:/NXP/MCUXpressoIDE_11.10.0_3148/ide/plugins/com.nxp.mcuxpresso.tools.win32_11.10.0.202311280810/tools/bin/../lib/gcc/arm-none-eabi/13.2.1/../../../../arm-none-eabi/lib/thumb/v8-m.main/nofp\libcr_c.a(_do_fflush.o)
 .debug_aranges
                0x00000e38       0x18 C:/NXP/MCUXpressoIDE_11.10.0_3148/ide/plugins/com.nxp.mcuxpresso.tools.win32_11.10.0.202311280810/tools/bin/../lib/gcc/arm-none-eabi/13.2.1/../../../../arm-none-eabi/lib/thumb/v8-m.main/nofp\libcr_nohost_nf.a(__ciob.o)
 .debug_aranges
                0x00000e50       0x20 C:/NXP/MCUXpressoIDE_11.10.0_3148/ide/plugins/com.nxp.mcuxpresso.tools.win32_11.10.0.202311280810/tools/bin/../lib/gcc/arm-none-eabi/13.2.1/../../../../arm-none-eabi/lib/thumb/v8-m.main/nofp\libcr_nohost_nf.a(__sys_close.o)
 .debug_aranges
                0x00000e70       0x20 C:/NXP/MCUXpressoIDE_11.10.0_3148/ide/plugins/com.nxp.mcuxpresso.tools.win32_11.10.0.202311280810/tools/bin/../lib/gcc/arm-none-eabi/13.2.1/../../../../arm-none-eabi/lib/thumb/v8-m.main/nofp\libcr_nohost_nf.a(__sys_flen.o)
 .debug_aranges
                0x00000e90       0x20 C:/NXP/MCUXpressoIDE_11.10.0_3148/ide/plugins/com.nxp.mcuxpresso.tools.win32_11.10.0.202311280810/tools/bin/../lib/gcc/arm-none-eabi/13.2.1/../../../../arm-none-eabi/lib/thumb/v8-m.main/nofp\libcr_nohost_nf.a(__sys_istty.o)
 .debug_aranges
                0x00000eb0       0x20 C:/NXP/MCUXpressoIDE_11.10.0_3148/ide/plugins/com.nxp.mcuxpresso.tools.win32_11.10.0.202311280810/tools/bin/../lib/gcc/arm-none-eabi/13.2.1/../../../../arm-none-eabi/lib/thumb/v8-m.main/nofp\libcr_nohost_nf.a(__sys_remove.o)
 .debug_aranges
                0x00000ed0       0x20 C:/NXP/MCUXpressoIDE_11.10.0_3148/ide/plugins/com.nxp.mcuxpresso.tools.win32_11.10.0.202311280810/tools/bin/../lib/gcc/arm-none-eabi/13.2.1/../../../../arm-none-eabi/lib/thumb/v8-m.main/nofp\libcr_nohost_nf.a(__sys_seek.o)
 .debug_aranges
                0x00000ef0       0x20 C:/NXP/MCUXpressoIDE_11.10.0_3148/ide/plugins/com.nxp.mcuxpresso.tools.win32_11.10.0.202311280810/tools/bin/../lib/gcc/arm-none-eabi/13.2.1/../../../../arm-none-eabi/lib/thumb/v8-m.main/nofp\libcr_nohost_nf.a(__sys_tmpnam.o)
 .debug_aranges
                0x00000f10       0x20 C:/NXP/MCUXpressoIDE_11.10.0_3148/ide/plugins/com.nxp.mcuxpresso.tools.win32_11.10.0.202311280810/tools/bin/../lib/gcc/arm-none-eabi/13.2.1/../../../../arm-none-eabi/lib/thumb/v8-m.main/nofp\libcr_nohost_nf.a(__sys_write.o)

.debug_ranges   0x00000000      0xcb0
 .debug_ranges  0x00000000       0x10 ./utilities/fsl_assert.o
 .debug_ranges  0x00000010       0x68 ./utilities/fsl_debug_console.o
 .debug_ranges  0x00000078      0x2d0 ./startup/startup_mcxa153.o
 .debug_ranges  0x00000348      0x128 ./source/low_power_implementation.o
 .debug_ranges  0x00000470       0x10 ./source/semihost_hardfault.o
 .debug_ranges  0x00000480      0x148 ./drivers/fsl_clock.o
 .debug_ranges  0x000005c8       0x70 ./drivers/fsl_cmc.o
 .debug_ranges  0x00000638       0x40 ./drivers/fsl_gpio.o
 .debug_ranges  0x00000678      0x160 ./drivers/fsl_lpuart.o
 .debug_ranges  0x000007d8       0x20 ./drivers/fsl_reset.o
 .debug_ranges  0x000007f8      0x110 ./drivers/fsl_spc.o
 .debug_ranges  0x00000908       0x80 ./drivers/fsl_waketimer.o
 .debug_ranges  0x00000988       0x48 ./drivers/fsl_wuu.o
 .debug_ranges  0x000009d0       0x20 ./device/system_MCXA153.o
 .debug_ranges  0x000009f0       0x48 ./component/uart/fsl_adapter_lpuart.o
 .debug_ranges  0x00000a38       0x10 ./board/board.o
 .debug_ranges  0x00000a48       0x38 ./board/clock_config.o
 .debug_ranges  0x00000a80       0x28 ./board/pin_mux.o
 .debug_ranges  0x00000aa8       0x10 C:/NXP/MCUXpressoIDE_11.10.0_3148/ide/plugins/com.nxp.mcuxpresso.tools.win32_11.10.0.202311280810/tools/bin/../lib/gcc/arm-none-eabi/13.2.1/../../../../arm-none-eabi/lib/thumb/v8-m.main/nofp\libcr_nohost_nf.a(_cr__main.o)
 .debug_ranges  0x00000ab8       0x10 C:/NXP/MCUXpressoIDE_11.10.0_3148/ide/plugins/com.nxp.mcuxpresso.tools.win32_11.10.0.202311280810/tools/bin/../lib/gcc/arm-none-eabi/13.2.1/../../../../arm-none-eabi/lib/thumb/v8-m.main/nofp\libcr_c.a(memset.o)
 .debug_ranges  0x00000ac8       0x48 C:/NXP/MCUXpressoIDE_11.10.0_3148/ide/plugins/com.nxp.mcuxpresso.tools.win32_11.10.0.202311280810/tools/bin/../lib/gcc/arm-none-eabi/13.2.1/../../../../arm-none-eabi/lib/thumb/v8-m.main/nofp\libcr_c.a(alloc.o)
 .debug_ranges  0x00000b10       0x18 C:/NXP/MCUXpressoIDE_11.10.0_3148/ide/plugins/com.nxp.mcuxpresso.tools.win32_11.10.0.202311280810/tools/bin/../lib/gcc/arm-none-eabi/13.2.1/../../../../arm-none-eabi/lib/thumb/v8-m.main/nofp\libcr_c.a(initio.o)
 .debug_ranges  0x00000b28       0x10 C:/NXP/MCUXpressoIDE_11.10.0_3148/ide/plugins/com.nxp.mcuxpresso.tools.win32_11.10.0.202311280810/tools/bin/../lib/gcc/arm-none-eabi/13.2.1/../../../../arm-none-eabi/lib/thumb/v8-m.main/nofp\libcr_c.a(setvbuf.o)
 .debug_ranges  0x00000b38       0x10 C:/NXP/MCUXpressoIDE_11.10.0_3148/ide/plugins/com.nxp.mcuxpresso.tools.win32_11.10.0.202311280810/tools/bin/../lib/gcc/arm-none-eabi/13.2.1/../../../../arm-none-eabi/lib/thumb/v8-m.main/nofp\libcr_c.a(strlen.o)
 .debug_ranges  0x00000b48       0x30 C:/NXP/MCUXpressoIDE_11.10.0_3148/ide/plugins/com.nxp.mcuxpresso.tools.win32_11.10.0.202311280810/tools/bin/../lib/gcc/arm-none-eabi/13.2.1/../../../../arm-none-eabi/lib/thumb/v8-m.main/nofp\libcr_c.a(_deferredlazyseek.o)
 .debug_ranges  0x00000b78       0x10 C:/NXP/MCUXpressoIDE_11.10.0_3148/ide/plugins/com.nxp.mcuxpresso.tools.win32_11.10.0.202311280810/tools/bin/../lib/gcc/arm-none-eabi/13.2.1/../../../../arm-none-eabi/lib/thumb/v8-m.main/nofp\libcr_c.a(_fdopen.o)
 .debug_ranges  0x00000b88       0x10 C:/NXP/MCUXpressoIDE_11.10.0_3148/ide/plugins/com.nxp.mcuxpresso.tools.win32_11.10.0.202311280810/tools/bin/../lib/gcc/arm-none-eabi/13.2.1/../../../../arm-none-eabi/lib/thumb/v8-m.main/nofp\libcr_c.a(_fflush.o)
 .debug_ranges  0x00000b98       0x10 C:/NXP/MCUXpressoIDE_11.10.0_3148/ide/plugins/com.nxp.mcuxpresso.tools.win32_11.10.0.202311280810/tools/bin/../lib/gcc/arm-none-eabi/13.2.1/../../../../arm-none-eabi/lib/thumb/v8-m.main/nofp\libcr_c.a(_writebuf.o)
 .debug_ranges  0x00000ba8       0x10 C:/NXP/MCUXpressoIDE_11.10.0_3148/ide/plugins/com.nxp.mcuxpresso.tools.win32_11.10.0.202311280810/tools/bin/../lib/gcc/arm-none-eabi/13.2.1/../../../../arm-none-eabi/lib/thumb/v8-m.main/nofp\libcr_c.a(fclose.o)
 .debug_ranges  0x00000bb8       0x28 C:/NXP/MCUXpressoIDE_11.10.0_3148/ide/plugins/com.nxp.mcuxpresso.tools.win32_11.10.0.202311280810/tools/bin/../lib/gcc/arm-none-eabi/13.2.1/../../../../arm-none-eabi/lib/thumb/v8-m.main/nofp\libcr_c.a(fflush.o)
 .debug_ranges  0x00000be0       0x10 C:/NXP/MCUXpressoIDE_11.10.0_3148/ide/plugins/com.nxp.mcuxpresso.tools.win32_11.10.0.202311280810/tools/bin/../lib/gcc/arm-none-eabi/13.2.1/../../../../arm-none-eabi/lib/thumb/v8-m.main/nofp\libcr_c.a(fseek.o)
 .debug_ranges  0x00000bf0       0x10 C:/NXP/MCUXpressoIDE_11.10.0_3148/ide/plugins/com.nxp.mcuxpresso.tools.win32_11.10.0.202311280810/tools/bin/../lib/gcc/arm-none-eabi/13.2.1/../../../../arm-none-eabi/lib/thumb/v8-m.main/nofp\libcr_c.a(ftell.o)
 .debug_ranges  0x00000c00       0x18 C:/NXP/MCUXpressoIDE_11.10.0_3148/ide/plugins/com.nxp.mcuxpresso.tools.win32_11.10.0.202311280810/tools/bin/../lib/gcc/arm-none-eabi/13.2.1/../../../../arm-none-eabi/lib/thumb/v8-m.main/nofp\libcr_c.a(remove.o)
 .debug_ranges  0x00000c18       0x28 C:/NXP/MCUXpressoIDE_11.10.0_3148/ide/plugins/com.nxp.mcuxpresso.tools.win32_11.10.0.202311280810/tools/bin/../lib/gcc/arm-none-eabi/13.2.1/../../../../arm-none-eabi/lib/thumb/v8-m.main/nofp\libcr_c.a(_do_fflush.o)
 .debug_ranges  0x00000c40       0x10 C:/NXP/MCUXpressoIDE_11.10.0_3148/ide/plugins/com.nxp.mcuxpresso.tools.win32_11.10.0.202311280810/tools/bin/../lib/gcc/arm-none-eabi/13.2.1/../../../../arm-none-eabi/lib/thumb/v8-m.main/nofp\libcr_nohost_nf.a(__sys_close.o)
 .debug_ranges  0x00000c50       0x10 C:/NXP/MCUXpressoIDE_11.10.0_3148/ide/plugins/com.nxp.mcuxpresso.tools.win32_11.10.0.202311280810/tools/bin/../lib/gcc/arm-none-eabi/13.2.1/../../../../arm-none-eabi/lib/thumb/v8-m.main/nofp\libcr_nohost_nf.a(__sys_flen.o)
 .debug_ranges  0x00000c60       0x10 C:/NXP/MCUXpressoIDE_11.10.0_3148/ide/plugins/com.nxp.mcuxpresso.tools.win32_11.10.0.202311280810/tools/bin/../lib/gcc/arm-none-eabi/13.2.1/../../../../arm-none-eabi/lib/thumb/v8-m.main/nofp\libcr_nohost_nf.a(__sys_istty.o)
 .debug_ranges  0x00000c70       0x10 C:/NXP/MCUXpressoIDE_11.10.0_3148/ide/plugins/com.nxp.mcuxpresso.tools.win32_11.10.0.202311280810/tools/bin/../lib/gcc/arm-none-eabi/13.2.1/../../../../arm-none-eabi/lib/thumb/v8-m.main/nofp\libcr_nohost_nf.a(__sys_remove.o)
 .debug_ranges  0x00000c80       0x10 C:/NXP/MCUXpressoIDE_11.10.0_3148/ide/plugins/com.nxp.mcuxpresso.tools.win32_11.10.0.202311280810/tools/bin/../lib/gcc/arm-none-eabi/13.2.1/../../../../arm-none-eabi/lib/thumb/v8-m.main/nofp\libcr_nohost_nf.a(__sys_seek.o)
 .debug_ranges  0x00000c90       0x10 C:/NXP/MCUXpressoIDE_11.10.0_3148/ide/plugins/com.nxp.mcuxpresso.tools.win32_11.10.0.202311280810/tools/bin/../lib/gcc/arm-none-eabi/13.2.1/../../../../arm-none-eabi/lib/thumb/v8-m.main/nofp\libcr_nohost_nf.a(__sys_tmpnam.o)
 .debug_ranges  0x00000ca0       0x10 C:/NXP/MCUXpressoIDE_11.10.0_3148/ide/plugins/com.nxp.mcuxpresso.tools.win32_11.10.0.202311280810/tools/bin/../lib/gcc/arm-none-eabi/13.2.1/../../../../arm-none-eabi/lib/thumb/v8-m.main/nofp\libcr_nohost_nf.a(__sys_write.o)

.debug_macro    0x00000000    0x163ad
 .debug_macro   0x00000000      0x13c ./utilities/fsl_assert.o
 .debug_macro   0x0000013c      0xb02 ./utilities/fsl_assert.o
 .debug_macro   0x00000c3e       0x10 ./utilities/fsl_assert.o
 .debug_macro   0x00000c4e       0x1c ./utilities/fsl_assert.o
 .debug_macro   0x00000c6a       0x22 ./utilities/fsl_assert.o
 .debug_macro   0x00000c8c      0x12e ./utilities/fsl_assert.o
 .debug_macro   0x00000dba      0x5b3 ./utilities/fsl_assert.o
 .debug_macro   0x0000136d       0x22 ./utilities/fsl_assert.o
 .debug_macro   0x0000138f       0x10 ./utilities/fsl_assert.o
 .debug_macro   0x0000139f       0x46 ./utilities/fsl_assert.o
 .debug_macro   0x000013e5       0x1c ./utilities/fsl_assert.o
 .debug_macro   0x00001401       0x2a ./utilities/fsl_assert.o
 .debug_macro   0x0000142b       0xdf ./utilities/fsl_assert.o
 .debug_macro   0x0000150a     0x153c ./utilities/fsl_assert.o
 .debug_macro   0x00002a46       0x2e ./utilities/fsl_assert.o
 .debug_macro   0x00002a74    0x117d6 ./utilities/fsl_assert.o
 .debug_macro   0x0001424a      0x632 ./utilities/fsl_assert.o
 .debug_macro   0x0001487c       0x7a ./utilities/fsl_assert.o
 .debug_macro   0x000148f6       0xaf ./utilities/fsl_assert.o
 .debug_macro   0x000149a5       0xd9 ./utilities/fsl_assert.o